  state:not started, normal, ok
  Welcome to Space Defender Version 2.
->play(8,16,34,50,65,77,83)
  state:weapon setup, normal, ok
  1:Standard (A single projectile is fired in front)
    Health:10, Energy:10, Regen:0/1, Armour:0, Vision:1, Move:1, Move Cost:1,
    Projectile Damage:70, Projectile Cost:5 (energy)
  2:Spread (Three projectiles are fired in front, two going diagonal)
    Health:0, Energy:60, Regen:0/2, Armour:1, Vision:0, Move:0, Move Cost:2,
    Projectile Damage:50, Projectile Cost:10 (energy)
  3:Snipe (Fast and high damage projectile, but only travels via teleporting)
    Health:0, Energy:100, Regen:0/5, Armour:0, Vision:10, Move:3, Move Cost:0,
    Projectile Damage:1000, Projectile Cost:20 (energy)
  4:Rocket (Two projectiles appear behind to the sides of the Starfighter and accelerates)
    Health:10, Energy:0, Regen:10/0, Armour:2, Vision:2, Move:0, Move Cost:3,
    Projectile Damage:100, Projectile Cost:10 (health)
  5:Splitter (A single mine projectile is placed in front of the Starfighter)
    Health:0, Energy:100, Regen:0/10, Armour:0, Vision:0, Move:0, Move Cost:5,
    Projectile Damage:150, Projectile Cost:70 (energy)
  Weapon Selected:Standard
->toggle_debug_mode
  state:weapon setup, debug, ok
  In debug mode.
->setup_select(1)
  state:weapon setup, debug, ok
  1:Standard (A single projectile is fired in front)
    Health:10, Energy:10, Regen:0/1, Armour:0, Vision:1, Move:1, Move Cost:1,
    Projectile Damage:70, Projectile Cost:5 (energy)
  2:Spread (Three projectiles are fired in front, two going diagonal)
    Health:0, Energy:60, Regen:0/2, Armour:1, Vision:0, Move:0, Move Cost:2,
    Projectile Damage:50, Projectile Cost:10 (energy)
  3:Snipe (Fast and high damage projectile, but only travels via teleporting)
    Health:0, Energy:100, Regen:0/5, Armour:0, Vision:10, Move:3, Move Cost:0,
    Projectile Damage:1000, Projectile Cost:20 (energy)
  4:Rocket (Two projectiles appear behind to the sides of the Starfighter and accelerates)
    Health:10, Energy:0, Regen:10/0, Armour:2, Vision:2, Move:0, Move Cost:3,
    Projectile Damage:100, Projectile Cost:10 (health)
  5:Splitter (A single mine projectile is placed in front of the Starfighter)
    Health:0, Energy:100, Regen:0/10, Armour:0, Vision:0, Move:0, Move Cost:5,
    Projectile Damage:150, Projectile Cost:70 (energy)
  Weapon Selected:Standard
->setup_next(1)
  state:armour setup, debug, ok
  1:None
    Health:50, Energy:0, Regen:1/0, Armour:0, Vision:0, Move:1, Move Cost:0
  2:Light
    Health:75, Energy:0, Regen:2/0, Armour:3, Vision:0, Move:0, Move Cost:1
  3:Medium
    Health:100, Energy:0, Regen:3/0, Armour:5, Vision:0, Move:0, Move Cost:3
  4:Heavy
    Health:200, Energy:0, Regen:4/0, Armour:10, Vision:0, Move:-1, Move Cost:5
  Armour Selected:None
->setup_select(3)
  state:armour setup, debug, ok
  1:None
    Health:50, Energy:0, Regen:1/0, Armour:0, Vision:0, Move:1, Move Cost:0
  2:Light
    Health:75, Energy:0, Regen:2/0, Armour:3, Vision:0, Move:0, Move Cost:1
  3:Medium
    Health:100, Energy:0, Regen:3/0, Armour:5, Vision:0, Move:0, Move Cost:3
  4:Heavy
    Health:200, Energy:0, Regen:4/0, Armour:10, Vision:0, Move:-1, Move Cost:5
  Armour Selected:Medium
->setup_next(1)
  state:engine setup, debug, ok
  1:Standard
    Health:10, Energy:60, Regen:0/2, Armour:1, Vision:12, Move:8, Move Cost:2
  2:Light
    Health:0, Energy:30, Regen:0/1, Armour:0, Vision:15, Move:10, Move Cost:1
  3:Armoured
    Health:50, Energy:100, Regen:0/3, Armour:3, Vision:6, Move:4, Move Cost:5
  Engine Selected:Standard
->setup_select(1)
  state:engine setup, debug, ok
  1:Standard
    Health:10, Energy:60, Regen:0/2, Armour:1, Vision:12, Move:8, Move Cost:2
  2:Light
    Health:0, Energy:30, Regen:0/1, Armour:0, Vision:15, Move:10, Move Cost:1
  3:Armoured
    Health:50, Energy:100, Regen:0/3, Armour:3, Vision:6, Move:4, Move Cost:5
  Engine Selected:Standard
->setup_next(1)
  state:power setup, debug, ok
  1:Recall (50 energy): Teleport back to spawn.
  2:Repair (50 energy): Gain 50 health, can go over max health. Health regen will not be in effect if over cap.
  3:Overcharge (up to 50 health): Gain 2*health spent energy, can go over max energy. Energy regen will not be in effect if over cap.
  4:Deploy Drones (100 energy): Clear all projectiles.
  5:Orbital Strike (100 energy): Deal 100 damage to all enemies, affected by armour.
  Power Selected:Recall (50 energy): Teleport back to spawn.
->setup_select(2)
  state:power setup, debug, ok
  1:Recall (50 energy): Teleport back to spawn.
  2:Repair (50 energy): Gain 50 health, can go over max health. Health regen will not be in effect if over cap.
  3:Overcharge (up to 50 health): Gain 2*health spent energy, can go over max energy. Energy regen will not be in effect if over cap.
  4:Deploy Drones (100 energy): Clear all projectiles.
  5:Orbital Strike (100 energy): Deal 100 damage to all enemies, affected by armour.
  Power Selected:Repair (50 energy): Gain 50 health, can go over max health. Health regen will not be in effect if over cap.
->setup_next(1)
  state:setup summary, debug, ok
  Weapon Selected:Standard
  Armour Selected:Medium
  Engine Selected:Standard
  Power Selected:Repair (50 energy): Gain 50 health, can go over max health. Health regen will not be in effect if over cap.
->setup_select(2)
  state:setup summary, debug, error
  Command can only be used in setup mode (excluding summary in setup).
->setup_next(1)
  state:in game(0.0), debug, ok
  Starfighter:
    [0,S]->health:120/120, energy:70/70, Regen:3/3, Armour:6, Vision:13, Move:9, Move Cost:6, location:[D,1]
      Projectile Pattern:Standard, Projectile Damage:70, Projectile Cost:5 (energy)
      Power:Repair (50 energy): Gain 50 health, can go over max health. Health regen will not be in effect if over cap.
      score:0
  Enemy:
  Projectile:
  Friendly Projectile Action:
  Enemy Projectile Action:
  Starfighter Action:
  Enemy Action:
  Natural Enemy Spawn:
      1  2  3  4  5  6  7  8  9 10 11 12 13 14 15 16
    A _  _  _  _  _  _  _  _  _  _  _  _  _  _  _  _
    B _  _  _  _  _  _  _  _  _  _  _  _  _  _  _  _
    C _  _  _  _  _  _  _  _  _  _  _  _  _  _  _  _
    D S  _  _  _  _  _  _  _  _  _  _  _  _  _  _  _
    E _  _  _  _  _  _  _  _  _  _  _  _  _  _  _  _
    F _  _  _  _  _  _  _  _  _  _  _  _  _  _  _  _
    G _  _  _  _  _  _  _  _  _  _  _  _  _  _  _  _
    H _  _  _  _  _  _  _  _  _  _  _  _  _  _  _  _
->pass
  state:in game(1.0), debug, ok
  Starfighter:
    [0,S]->health:120/120, energy:70/70, Regen:3/3, Armour:6, Vision:13, Move:9, Move Cost:6, location:[D,1]
      Projectile Pattern:Standard, Projectile Damage:70, Projectile Cost:5 (energy)
      Power:Repair (50 energy): Gain 50 health, can go over max health. Health regen will not be in effect if over cap.
      score:0
  Enemy:
    [1,G]->health:100/100, Regen:1, Armour:1, Vision:5, seen_by_Starfighter:F, can_see_Starfighter:F, location:[A,16]
  Projectile:
  Friendly Projectile Action:
  Enemy Projectile Action:
  Starfighter Action:
    The Starfighter(id:0) passes at location [D,1], doubling regen rate.
  Enemy Action:
  Natural Enemy Spawn:
    A Grunt(id:1) spawns at location [A,16].
      1  2  3  4  5  6  7  8  9 10 11 12 13 14 15 16
    A _  _  _  _  _  _  _  _  _  _  _  _  _  _  _  G
    B _  _  _  _  _  _  _  _  _  _  _  _  _  _  _  _
    C _  _  _  _  _  _  _  _  _  _  _  _  _  _  _  _
    D S  _  _  _  _  _  _  _  _  _  _  _  _  _  _  _
    E _  _  _  _  _  _  _  _  _  _  _  _  _  _  _  _
    F _  _  _  _  _  _  _  _  _  _  _  _  _  _  _  _
    G _  _  _  _  _  _  _  _  _  _  _  _  _  _  _  _
    H _  _  _  _  _  _  _  _  _  _  _  _  _  _  _  _
->pass
  state:in game(2.0), debug, ok
  Starfighter:
    [0,S]->health:120/120, energy:70/70, Regen:3/3, Armour:6, Vision:13, Move:9, Move Cost:6, location:[D,1]
      Projectile Pattern:Standard, Projectile Damage:70, Projectile Cost:5 (energy)
      Power:Repair (50 energy): Gain 50 health, can go over max health. Health regen will not be in effect if over cap.
      score:0
  Enemy:
    [1,G]->health:110/110, Regen:1, Armour:1, Vision:5, seen_by_Starfighter:F, can_see_Starfighter:F, location:[A,14]
    [2,F]->health:150/150, Regen:5, Armour:10, Vision:10, seen_by_Starfighter:F, can_see_Starfighter:F, location:[E,16]
  Projectile:
    [-1,<]->damage:15, move:4, location:[A,13]
  Friendly Projectile Action:
  Enemy Projectile Action:
  Starfighter Action:
    The Starfighter(id:0) passes at location [D,1], doubling regen rate.
  Enemy Action:
    A Grunt(id:1) gains 10 total health.
    A Grunt(id:1) moves: [A,16] -> [A,14]
      A enemy projectile(id:-1) spawns at location [A,13].
  Natural Enemy Spawn:
    A Fighter(id:2) spawns at location [E,16].
      1  2  3  4  5  6  7  8  9 10 11 12 13 14 15 16
    A _  _  _  _  _  _  _  _  _  _  _  _  <  G  _  _
    B _  _  _  _  _  _  _  _  _  _  _  _  _  _  _  _
    C _  _  _  _  _  _  _  _  _  _  _  _  _  _  _  _
    D S  _  _  _  _  _  _  _  _  _  _  _  _  _  _  _
    E _  _  _  _  _  _  _  _  _  _  _  _  _  _  _  F
    F _  _  _  _  _  _  _  _  _  _  _  _  _  _  _  _
    G _  _  _  _  _  _  _  _  _  _  _  _  _  _  _  _
    H _  _  _  _  _  _  _  _  _  _  _  _  _  _  _  _
->fire
  state:in game(3.0), debug, ok
  Starfighter:
    [0,S]->health:120/120, energy:65/70, Regen:3/3, Armour:6, Vision:13, Move:9, Move Cost:6, location:[D,1]
      Projectile Pattern:Standard, Projectile Damage:70, Projectile Cost:5 (energy)
      Power:Repair (50 energy): Gain 50 health, can go over max health. Health regen will not be in effect if over cap.
      score:0
  Enemy:
    [1,G]->health:110/110, Regen:1, Armour:1, Vision:5, seen_by_Starfighter:F, can_see_Starfighter:F, location:[A,12]
    [2,F]->health:150/150, Regen:5, Armour:11, Vision:10, seen_by_Starfighter:T, can_see_Starfighter:F, location:[E,13]
    [3,F]->health:150/150, Regen:5, Armour:10, Vision:10, seen_by_Starfighter:F, can_see_Starfighter:F, location:[H,16]
  Projectile:
    [-1,<]->damage:15, move:4, location:[A,9]
    [-2,*]->damage:70, move:5, location:[D,2]
    [-3,<]->damage:15, move:4, location:[A,11]
    [-4,<]->damage:20, move:3, location:[E,12]
  Friendly Projectile Action:
  Enemy Projectile Action:
    A enemy projectile(id:-1) moves: [A,13] -> [A,9]
  Starfighter Action:
    The Starfighter(id:0) fires at location [D,1].
      A friendly projectile(id:-2) spawns at location [D,2].
  Enemy Action:
    A Fighter(id:2) gains 1 armour.
    A Grunt(id:1) moves: [A,14] -> [A,12]
      A enemy projectile(id:-3) spawns at location [A,11].
    A Fighter(id:2) moves: [E,16] -> [E,13]
      A enemy projectile(id:-4) spawns at location [E,12].
  Natural Enemy Spawn:
    A Fighter(id:3) spawns at location [H,16].
      1  2  3  4  5  6  7  8  9 10 11 12 13 14 15 16
    A _  _  _  _  _  _  _  _  <  _  <  G  _  _  _  _
    B _  _  _  _  _  _  _  _  _  _  _  _  _  _  _  _
    C _  _  _  _  _  _  _  _  _  _  _  _  _  _  _  _
    D S  *  _  _  _  _  _  _  _  _  _  _  _  _  _  _
    E _  _  _  _  _  _  _  _  _  _  _  <  F  _  _  _
    F _  _  _  _  _  _  _  _  _  _  _  _  _  _  _  _
    G _  _  _  _  _  _  _  _  _  _  _  _  _  _  _  _
    H _  _  _  _  _  _  _  _  _  _  _  _  _  _  _  F
->pass
  state:in game(4.0), debug, ok
  Starfighter:
    [0,S]->health:120/120, energy:70/70, Regen:3/3, Armour:6, Vision:13, Move:9, Move Cost:6, location:[D,1]
      Projectile Pattern:Standard, Projectile Damage:70, Projectile Cost:5 (energy)
      Power:Repair (50 energy): Gain 50 health, can go over max health. Health regen will not be in effect if over cap.
      score:0
  Enemy:
    [1,G]->health:120/120, Regen:1, Armour:1, Vision:5, seen_by_Starfighter:T, can_see_Starfighter:F, location:[A,10]
    [2,F]->health:150/150, Regen:5, Armour:11, Vision:10, seen_by_Starfighter:T, can_see_Starfighter:T, location:[E,7]
    [3,F]->health:150/150, Regen:5, Armour:10, Vision:10, seen_by_Starfighter:T, can_see_Starfighter:F, location:[H,10]
    [4,G]->health:100/100, Regen:1, Armour:1, Vision:5, seen_by_Starfighter:F, can_see_Starfighter:F, location:[C,16]
  Projectile:
    [-1,<]->damage:15, move:4, location:[A,5]
    [-2,*]->damage:70, move:5, location:[D,7]
    [-3,<]->damage:15, move:4, location:[A,7]
    [-5,<]->damage:100, move:10, location:[E,6]
    [-6,<]->damage:100, move:10, location:[H,9]
    [-7,<]->damage:15, move:4, location:[A,9]
  Friendly Projectile Action:
    A friendly projectile(id:-2) moves: [D,2] -> [D,7]
  Enemy Projectile Action:
    A enemy projectile(id:-1) moves: [A,9] -> [A,5]
    A enemy projectile(id:-3) moves: [A,11] -> [A,7]
    A enemy projectile(id:-4) moves: [E,12] -> [E,9]
  Starfighter Action:
    The Starfighter(id:0) passes at location [D,1], doubling regen rate.
  Enemy Action:
    A Grunt(id:1) gains 10 total health.
    A Fighter(id:2) moves: [E,13] -> [E,7]
      The Fighter collides with enemy projectile(id:-4) at location [E,9], healing 20 damage.
      A enemy projectile(id:-5) spawns at location [E,6].
    A Fighter(id:3) moves: [H,16] -> [H,10]
      A enemy projectile(id:-6) spawns at location [H,9].
    A Grunt(id:1) moves: [A,12] -> [A,10]
      A enemy projectile(id:-7) spawns at location [A,9].
  Natural Enemy Spawn:
    A Grunt(id:4) spawns at location [C,16].
      1  2  3  4  5  6  7  8  9 10 11 12 13 14 15 16
    A _  _  _  _  <  _  <  _  <  G  _  _  _  _  _  _
    B _  _  _  _  _  _  _  _  _  _  _  _  _  _  _  _
    C _  _  _  _  _  _  _  _  _  _  _  _  _  _  _  G
    D S  _  _  _  _  _  *  _  _  _  _  _  _  _  _  _
    E _  _  _  _  _  <  F  _  _  _  _  _  _  _  _  _
    F _  _  _  _  _  _  _  _  _  _  _  _  _  _  _  _
    G _  _  _  _  _  _  _  _  _  _  _  _  _  _  _  _
    H _  _  _  _  _  _  _  _  <  F  _  _  _  _  _  _
->move(B,10)
  state:in game(4.1), debug, error
  Out of movement range.
->pass
  state:in game(5.0), debug, ok
  Starfighter:
    [0,S]->health:120/120, energy:70/70, Regen:3/3, Armour:6, Vision:13, Move:9, Move Cost:6, location:[D,1]
      Projectile Pattern:Standard, Projectile Damage:70, Projectile Cost:5 (energy)
      Power:Repair (50 energy): Gain 50 health, can go over max health. Health regen will not be in effect if over cap.
      score:0
  Enemy:
    [1,G]->health:130/130, Regen:1, Armour:1, Vision:5, seen_by_Starfighter:T, can_see_Starfighter:F, location:[A,8]
    [2,F]->health:150/150, Regen:5, Armour:11, Vision:10, seen_by_Starfighter:T, can_see_Starfighter:T, location:[E,1]
    [3,F]->health:150/150, Regen:5, Armour:10, Vision:10, seen_by_Starfighter:T, can_see_Starfighter:T, location:[H,4]
    [4,G]->health:110/110, Regen:1, Armour:1, Vision:5, seen_by_Starfighter:F, can_see_Starfighter:F, location:[C,14]
    [5,I]->health:50/50, Regen:0, Armour:0, Vision:5, seen_by_Starfighter:F, can_see_Starfighter:F, location:[H,16]
  Projectile:
    [-1,<]->damage:15, move:4, location:[A,1]
    [-2,*]->damage:70, move:5, location:[D,12]
    [-3,<]->damage:15, move:4, location:[A,3]
    [-7,<]->damage:15, move:4, location:[A,5]
    [-9,<]->damage:100, move:10, location:[H,3]
    [-10,<]->damage:15, move:4, location:[A,7]
    [-11,<]->damage:15, move:4, location:[C,13]
  Friendly Projectile Action:
    A friendly projectile(id:-2) moves: [D,7] -> [D,12]
  Enemy Projectile Action:
    A enemy projectile(id:-1) moves: [A,5] -> [A,1]
    A enemy projectile(id:-3) moves: [A,7] -> [A,3]
    A enemy projectile(id:-5) moves: [E,6] -> out of board
    A enemy projectile(id:-6) moves: [H,9] -> out of board
    A enemy projectile(id:-7) moves: [A,9] -> [A,5]
  Starfighter Action:
    The Starfighter(id:0) passes at location [D,1], doubling regen rate.
  Enemy Action:
    A Grunt(id:1) gains 10 total health.
    A Fighter(id:2) moves: [E,7] -> [E,1]
      A enemy projectile(id:-8) spawns at location out of board.
    A Fighter(id:3) moves: [H,10] -> [H,4]
      A enemy projectile(id:-9) spawns at location [H,3].
    A Grunt(id:4) gains 10 total health.
    A Grunt(id:1) moves: [A,10] -> [A,8]
      A enemy projectile(id:-10) spawns at location [A,7].
    A Grunt(id:4) moves: [C,16] -> [C,14]
      A enemy projectile(id:-11) spawns at location [C,13].
  Natural Enemy Spawn:
    A Interceptor(id:5) spawns at location [H,16].
      1  2  3  4  5  6  7  8  9 10 11 12 13 14 15 16
    A <  _  <  _  <  _  <  G  _  _  _  _  _  _  _  _
    B _  _  _  _  _  _  _  _  _  _  _  _  _  _  _  _
    C _  _  _  _  _  _  _  _  _  _  _  _  <  G  _  _
    D S  _  _  _  _  _  _  _  _  _  _  *  _  _  _  _
    E F  _  _  _  _  _  _  _  _  _  _  _  _  _  _  _
    F _  _  _  _  _  _  _  _  _  _  _  _  _  _  _  _
    G _  _  _  _  _  _  _  _  _  _  _  _  _  _  _  _
    H _  _  <  F  _  _  _  _  _  _  _  _  _  _  _  I
->pass
  state:in game(6.0), debug, ok
  Starfighter:
    [0,S]->health:120/120, energy:70/70, Regen:3/3, Armour:6, Vision:13, Move:9, Move Cost:6, location:[D,1]
      Projectile Pattern:Standard, Projectile Damage:70, Projectile Cost:5 (energy)
      Power:Repair (50 energy): Gain 50 health, can go over max health. Health regen will not be in effect if over cap.
      score:0
  Enemy:
    [1,G]->health:140/140, Regen:1, Armour:1, Vision:5, seen_by_Starfighter:T, can_see_Starfighter:F, location:[A,6]
    [4,G]->health:120/120, Regen:1, Armour:1, Vision:5, seen_by_Starfighter:T, can_see_Starfighter:F, location:[C,12]
    [5,I]->health:50/50, Regen:0, Armour:0, Vision:5, seen_by_Starfighter:F, can_see_Starfighter:F, location:[H,13]
    [6,C]->health:200/200, Regen:10, Armour:15, Vision:15, seen_by_Starfighter:F, can_see_Starfighter:F, location:[B,16]
  Projectile:
    [-7,<]->damage:15, move:4, location:[A,1]
    [-10,<]->damage:15, move:4, location:[A,3]
    [-11,<]->damage:15, move:4, location:[C,9]
    [-12,<]->damage:15, move:4, location:[A,5]
    [-13,<]->damage:15, move:4, location:[C,11]
  Friendly Projectile Action:
    A friendly projectile(id:-2) moves: [D,12] -> out of board
  Enemy Projectile Action:
    A enemy projectile(id:-1) moves: [A,1] -> out of board
    A enemy projectile(id:-3) moves: [A,3] -> out of board
    A enemy projectile(id:-7) moves: [A,5] -> [A,1]
    A enemy projectile(id:-9) moves: [H,3] -> out of board
    A enemy projectile(id:-10) moves: [A,7] -> [A,3]
    A enemy projectile(id:-11) moves: [C,13] -> [C,9]
  Starfighter Action:
    The Starfighter(id:0) passes at location [D,1], doubling regen rate.
  Enemy Action:
    A Grunt(id:1) gains 10 total health.
    A Fighter(id:2) moves: [E,1] -> out of board
    A Fighter(id:3) moves: [H,4] -> out of board
    A Grunt(id:4) gains 10 total health.
    A Grunt(id:1) moves: [A,8] -> [A,6]
      A enemy projectile(id:-12) spawns at location [A,5].
    A Grunt(id:4) moves: [C,14] -> [C,12]
      A enemy projectile(id:-13) spawns at location [C,11].
    A Interceptor(id:5) moves: [H,16] -> [H,13]
  Natural Enemy Spawn:
    A Carrier(id:6) spawns at location [B,16].
      1  2  3  4  5  6  7  8  9 10 11 12 13 14 15 16
    A <  _  <  _  <  G  _  _  _  _  _  _  _  _  _  _
    B _  _  _  _  _  _  _  _  _  _  _  _  _  _  _  C
    C _  _  _  _  _  _  _  _  <  _  <  G  _  _  _  _
    D S  _  _  _  _  _  _  _  _  _  _  _  _  _  _  _
    E _  _  _  _  _  _  _  _  _  _  _  _  _  _  _  _
    F _  _  _  _  _  _  _  _  _  _  _  _  _  _  _  _
    G _  _  _  _  _  _  _  _  _  _  _  _  _  _  _  _
    H _  _  _  _  _  _  _  _  _  _  _  _  I  _  _  _
->fire
  state:in game(7.0), debug, ok
  Starfighter:
    [0,S]->health:120/120, energy:65/70, Regen:3/3, Armour:6, Vision:13, Move:9, Move Cost:6, location:[D,1]
      Projectile Pattern:Standard, Projectile Damage:70, Projectile Cost:5 (energy)
      Power:Repair (50 energy): Gain 50 health, can go over max health. Health regen will not be in effect if over cap.
      score:0
  Enemy:
    [1,G]->health:140/140, Regen:1, Armour:1, Vision:5, seen_by_Starfighter:T, can_see_Starfighter:F, location:[A,4]
    [4,G]->health:120/120, Regen:1, Armour:1, Vision:5, seen_by_Starfighter:T, can_see_Starfighter:F, location:[C,10]
    [5,I]->health:50/50, Regen:0, Armour:0, Vision:5, seen_by_Starfighter:T, can_see_Starfighter:F, location:[D,13]
    [6,C]->health:200/200, Regen:10, Armour:15, Vision:15, seen_by_Starfighter:F, can_see_Starfighter:T, location:[B,14]
    [7,F]->health:150/150, Regen:5, Armour:10, Vision:10, seen_by_Starfighter:F, can_see_Starfighter:F, location:[D,16]
  Projectile:
    [-11,<]->damage:15, move:4, location:[C,5]
    [-12,<]->damage:15, move:4, location:[A,1]
    [-13,<]->damage:15, move:4, location:[C,7]
    [-14,*]->damage:70, move:5, location:[D,2]
    [-15,<]->damage:15, move:4, location:[A,3]
    [-16,<]->damage:15, move:4, location:[C,9]
  Friendly Projectile Action:
  Enemy Projectile Action:
    A enemy projectile(id:-7) moves: [A,1] -> out of board
    A enemy projectile(id:-10) moves: [A,3] -> out of board
    A enemy projectile(id:-11) moves: [C,9] -> [C,5]
    A enemy projectile(id:-12) moves: [A,5] -> [A,1]
    A enemy projectile(id:-13) moves: [C,11] -> [C,7]
  Starfighter Action:
    The Starfighter(id:0) fires at location [D,1].
      A friendly projectile(id:-14) spawns at location [D,2].
  Enemy Action:
    A Interceptor(id:5) moves: [H,13] -> [D,13]
    A Grunt(id:1) moves: [A,6] -> [A,4]
      A enemy projectile(id:-15) spawns at location [A,3].
    A Grunt(id:4) moves: [C,12] -> [C,10]
      A enemy projectile(id:-16) spawns at location [C,9].
    A Carrier(id:6) moves: [B,16] -> [B,14]
  Natural Enemy Spawn:
    A Fighter(id:7) spawns at location [D,16].
      1  2  3  4  5  6  7  8  9 10 11 12 13 14 15 16
    A <  _  <  G  _  _  _  _  _  _  _  _  _  _  _  _
    B _  _  _  _  _  _  _  _  _  _  _  _  _  C  _  _
    C _  _  _  _  <  _  <  _  <  G  _  _  _  _  _  _
    D S  *  _  _  _  _  _  _  _  _  _  _  I  _  _  F
    E _  _  _  _  _  _  _  _  _  _  _  _  _  _  _  _
    F _  _  _  _  _  _  _  _  _  _  _  _  _  _  _  _
    G _  _  _  _  _  _  _  _  _  _  _  _  _  _  _  _
    H _  _  _  _  _  _  _  _  _  _  _  _  _  _  _  _
->pass
  state:in game(8.0), debug, ok
  Starfighter:
    [0,S]->health:120/120, energy:70/70, Regen:3/3, Armour:6, Vision:13, Move:9, Move Cost:6, location:[D,1]
      Projectile Pattern:Standard, Projectile Damage:70, Projectile Cost:5 (energy)
      Power:Repair (50 energy): Gain 50 health, can go over max health. Health regen will not be in effect if over cap.
      score:0
  Enemy:
    [1,G]->health:150/150, Regen:1, Armour:1, Vision:5, seen_by_Starfighter:T, can_see_Starfighter:T, location:[A,2]
    [4,G]->health:130/130, Regen:1, Armour:1, Vision:5, seen_by_Starfighter:T, can_see_Starfighter:F, location:[C,8]
    [5,I]->health:50/50, Regen:0, Armour:0, Vision:5, seen_by_Starfighter:T, can_see_Starfighter:F, location:[D,10]
    [6,C]->health:200/200, Regen:10, Armour:15, Vision:15, seen_by_Starfighter:T, can_see_Starfighter:T, location:[B,12]
    [7,F]->health:150/150, Regen:5, Armour:10, Vision:10, seen_by_Starfighter:T, can_see_Starfighter:F, location:[D,14]
    [8,I]->health:50/50, Regen:0, Armour:0, Vision:5, seen_by_Starfighter:F, can_see_Starfighter:F, location:[A,12]
    [9,I]->health:50/50, Regen:0, Armour:0, Vision:5, seen_by_Starfighter:T, can_see_Starfighter:F, location:[C,12]
    [10,G]->health:100/100, Regen:1, Armour:1, Vision:5, seen_by_Starfighter:F, can_see_Starfighter:F, location:[E,16]
  Projectile:
    [-11,<]->damage:15, move:4, location:[C,1]
    [-13,<]->damage:15, move:4, location:[C,3]
    [-14,*]->damage:70, move:5, location:[D,7]
    [-16,<]->damage:15, move:4, location:[C,5]
    [-18,<]->damage:15, move:4, location:[A,1]
    [-19,<]->damage:15, move:4, location:[C,7]
  Friendly Projectile Action:
    A friendly projectile(id:-14) moves: [D,2] -> [D,7]
  Enemy Projectile Action:
    A enemy projectile(id:-11) moves: [C,5] -> [C,1]
    A enemy projectile(id:-12) moves: [A,1] -> out of board
    A enemy projectile(id:-13) moves: [C,7] -> [C,3]
    A enemy projectile(id:-15) moves: [A,3] -> out of board
    A enemy projectile(id:-16) moves: [C,9] -> [C,5]
  Starfighter Action:
    The Starfighter(id:0) passes at location [D,1], doubling regen rate.
  Enemy Action:
    A Grunt(id:1) gains 10 total health.
    A Grunt(id:4) gains 10 total health.
    A Carrier(id:6) moves: [B,14] -> [B,12]
      A Interceptor(id:8) spawns at location [A,12].
      A Interceptor(id:9) spawns at location [C,12].
    A Fighter(id:7) moves: [D,16] -> [D,14]
      A enemy projectile(id:-17) spawns at location [D,13].
      The projectile collides with Interceptor(id:5) at location [D,13], healing 100 damage.
    A Grunt(id:1) moves: [A,4] -> [A,2]
      A enemy projectile(id:-18) spawns at location [A,1].
    A Grunt(id:4) moves: [C,10] -> [C,8]
      A enemy projectile(id:-19) spawns at location [C,7].
    A Interceptor(id:5) moves: [D,13] -> [D,10]
  Natural Enemy Spawn:
    A Grunt(id:10) spawns at location [E,16].
      1  2  3  4  5  6  7  8  9 10 11 12 13 14 15 16
    A <  G  _  _  _  _  _  _  _  _  _  I  _  _  _  _
    B _  _  _  _  _  _  _  _  _  _  _  C  _  _  _  _
    C <  _  <  _  <  _  <  G  _  _  _  I  _  _  _  _
    D S  _  _  _  _  _  *  _  _  I  _  _  _  F  _  _
    E _  _  _  _  _  _  _  _  _  _  _  _  _  _  _  G
    F _  _  _  _  _  _  _  _  _  _  _  _  _  _  _  _
    G _  _  _  _  _  _  _  _  _  _  _  _  _  _  _  _
    H _  _  _  _  _  _  _  _  _  _  _  _  _  _  _  _
->pass
  state:in game(9.0), debug, ok
  Starfighter:
    [0,S]->health:120/120, energy:70/70, Regen:3/3, Armour:6, Vision:13, Move:9, Move Cost:6, location:[D,1]
      Projectile Pattern:Standard, Projectile Damage:70, Projectile Cost:5 (energy)
      Power:Repair (50 energy): Gain 50 health, can go over max health. Health regen will not be in effect if over cap.
      score:1
  Enemy:
    [4,G]->health:140/140, Regen:1, Armour:1, Vision:5, seen_by_Starfighter:T, can_see_Starfighter:F, location:[C,6]
    [6,C]->health:200/200, Regen:10, Armour:15, Vision:15, seen_by_Starfighter:T, can_see_Starfighter:T, location:[B,10]
    [7,F]->health:150/150, Regen:5, Armour:10, Vision:10, seen_by_Starfighter:T, can_see_Starfighter:T, location:[D,8]
    [8,I]->health:50/50, Regen:0, Armour:0, Vision:5, seen_by_Starfighter:T, can_see_Starfighter:F, location:[A,11]
    [9,I]->health:50/50, Regen:0, Armour:0, Vision:5, seen_by_Starfighter:T, can_see_Starfighter:F, location:[C,11]
    [10,G]->health:110/110, Regen:1, Armour:1, Vision:5, seen_by_Starfighter:F, can_see_Starfighter:F, location:[E,14]
    [11,I]->health:50/50, Regen:0, Armour:0, Vision:5, seen_by_Starfighter:T, can_see_Starfighter:F, location:[A,10]
    [12,I]->health:50/50, Regen:0, Armour:0, Vision:5, seen_by_Starfighter:T, can_see_Starfighter:F, location:[C,10]
    [13,G]->health:100/100, Regen:1, Armour:1, Vision:5, seen_by_Starfighter:F, can_see_Starfighter:F, location:[A,16]
  Projectile:
    [-16,<]->damage:15, move:4, location:[C,1]
    [-19,<]->damage:15, move:4, location:[C,3]
    [-20,<]->damage:100, move:10, location:[D,7]
    [-21,<]->damage:15, move:4, location:[C,5]
    [-22,<]->damage:15, move:4, location:[E,13]
  Friendly Projectile Action:
    A friendly projectile(id:-14) moves: [D,7] -> [D,10]
      The projectile collides with Interceptor(id:5) at location [D,10], dealing 70 damage.
      The Interceptor at location [D,10] has been destroyed.
  Enemy Projectile Action:
    A enemy projectile(id:-11) moves: [C,1] -> out of board
    A enemy projectile(id:-13) moves: [C,3] -> out of board
    A enemy projectile(id:-16) moves: [C,5] -> [C,1]
    A enemy projectile(id:-18) moves: [A,1] -> out of board
    A enemy projectile(id:-19) moves: [C,7] -> [C,3]
  Starfighter Action:
    The Starfighter(id:0) passes at location [D,1], doubling regen rate.
  Enemy Action:
    A Grunt(id:1) gains 10 total health.
    A Grunt(id:4) gains 10 total health.
    A Carrier(id:6) moves: [B,12] -> [B,10]
      A Interceptor(id:11) spawns at location [A,10].
      A Interceptor(id:12) spawns at location [C,10].
    A Fighter(id:7) moves: [D,14] -> [D,8]
      A enemy projectile(id:-20) spawns at location [D,7].
    A Grunt(id:10) gains 10 total health.
    A Grunt(id:1) moves: [A,2] -> out of board
    A Grunt(id:4) moves: [C,8] -> [C,6]
      A enemy projectile(id:-21) spawns at location [C,5].
    A Interceptor(id:8) moves: [A,12] -> [A,11]
    A Interceptor(id:9) moves: [C,12] -> [C,11]
    A Grunt(id:10) moves: [E,16] -> [E,14]
      A enemy projectile(id:-22) spawns at location [E,13].
  Natural Enemy Spawn:
    A Grunt(id:13) spawns at location [A,16].
      1  2  3  4  5  6  7  8  9 10 11 12 13 14 15 16
    A _  _  _  _  _  _  _  _  _  I  I  _  _  _  _  G
    B _  _  _  _  _  _  _  _  _  C  _  _  _  _  _  _
    C <  _  <  _  <  G  _  _  _  I  I  _  _  _  _  _
    D S  _  _  _  _  _  <  F  _  _  _  _  _  _  _  _
    E _  _  _  _  _  _  _  _  _  _  _  _  <  G  _  _
    F _  _  _  _  _  _  _  _  _  _  _  _  _  _  _  _
    G _  _  _  _  _  _  _  _  _  _  _  _  _  _  _  _
    H _  _  _  _  _  _  _  _  _  _  _  _  _  _  _  _
->move(J,25)
  state:in game(9.1), debug, error
  Cannot move outside of board.
->pass
  state:not started, debug, ok
  Starfighter:
    [0,S]->health:0/120, energy:70/70, Regen:3/3, Armour:6, Vision:13, Move:9, Move Cost:6, location:[D,1]
      Projectile Pattern:Standard, Projectile Damage:70, Projectile Cost:5 (energy)
      Power:Repair (50 energy): Gain 50 health, can go over max health. Health regen will not be in effect if over cap.
      score:1
  Enemy:
    [4,G]->health:150/150, Regen:1, Armour:1, Vision:5, seen_by_Starfighter:T, can_see_Starfighter:F, location:[C,6]
    [6,C]->health:200/200, Regen:10, Armour:15, Vision:15, seen_by_Starfighter:T, can_see_Starfighter:T, location:[B,8]
    [7,F]->health:150/150, Regen:5, Armour:10, Vision:10, seen_by_Starfighter:T, can_see_Starfighter:T, location:[D,2]
    [8,I]->health:50/50, Regen:0, Armour:0, Vision:5, seen_by_Starfighter:T, can_see_Starfighter:F, location:[A,11]
    [9,I]->health:50/50, Regen:0, Armour:0, Vision:5, seen_by_Starfighter:T, can_see_Starfighter:F, location:[C,11]
    [10,G]->health:110/110, Regen:1, Armour:1, Vision:5, seen_by_Starfighter:F, can_see_Starfighter:F, location:[E,14]
    [11,I]->health:50/50, Regen:0, Armour:0, Vision:5, seen_by_Starfighter:T, can_see_Starfighter:F, location:[A,10]
    [12,I]->health:50/50, Regen:0, Armour:0, Vision:5, seen_by_Starfighter:T, can_see_Starfighter:F, location:[C,10]
    [13,G]->health:100/100, Regen:1, Armour:1, Vision:5, seen_by_Starfighter:F, can_see_Starfighter:F, location:[A,16]
    [14,I]->health:50/50, Regen:0, Armour:0, Vision:5, seen_by_Starfighter:T, can_see_Starfighter:F, location:[A,8]
    [15,I]->health:50/50, Regen:0, Armour:0, Vision:5, seen_by_Starfighter:T, can_see_Starfighter:F, location:[C,8]
  Projectile:
    [-21,<]->damage:15, move:4, location:[C,1]
    [-22,<]->damage:15, move:4, location:[E,9]
  Friendly Projectile Action:
  Enemy Projectile Action:
    A enemy projectile(id:-16) moves: [C,1] -> out of board
    A enemy projectile(id:-19) moves: [C,3] -> out of board
    A enemy projectile(id:-20) moves: [D,7] -> [D,1]
      The projectile collides with Starfighter(id:0) at location [D,1], dealing 94 damage.
    A enemy projectile(id:-21) moves: [C,5] -> [C,1]
    A enemy projectile(id:-22) moves: [E,13] -> [E,9]
  Starfighter Action:
    The Starfighter(id:0) passes at location [D,1], doubling regen rate.
  Enemy Action:
    A Grunt(id:4) gains 10 total health.
    A Carrier(id:6) moves: [B,10] -> [B,8]
      A Interceptor(id:14) spawns at location [A,8].
      A Interceptor(id:15) spawns at location [C,8].
    A Fighter(id:7) moves: [D,8] -> [D,2]
      A enemy projectile(id:-23) spawns at location [D,1].
      The projectile collides with Starfighter(id:0) at location [D,1], dealing 94 damage.
      The Starfighter at location [D,1] has been destroyed.
  Natural Enemy Spawn:
      1  2  3  4  5  6  7  8  9 10 11 12 13 14 15 16
    A _  _  _  _  _  _  _  I  _  I  I  _  _  _  _  G
    B _  _  _  _  _  _  _  C  _  _  _  _  _  _  _  _
    C <  _  _  _  _  G  _  I  _  I  I  _  _  _  _  _
    D X  F  _  _  _  _  _  _  _  _  _  _  _  _  _  _
    E _  _  _  _  _  _  _  _  <  _  _  _  _  G  _  _
    F _  _  _  _  _  _  _  _  _  _  _  _  _  _  _  _
    G _  _  _  _  _  _  _  _  _  _  _  _  _  _  _  _
    H _  _  _  _  _  _  _  _  _  _  _  _  _  _  _  _
  The game is over. Better luck next time!
->pass
  state:not started, debug, error
  Command can only be used in game.
->fire
  state:not started, debug, error
  Command can only be used in game.
->pass
  state:not started, debug, error
  Command can only be used in game.
->pass
  state:not started, debug, error
  Command can only be used in game.
->pass
  state:not started, debug, error
  Command can only be used in game.
->pass
  state:not started, debug, error
  Command can only be used in game.
->pass
  state:not started, debug, error
  Command can only be used in game.
->pass
  state:not started, debug, error
  Command can only be used in game.
->pass
  state:not started, debug, error
  Command can only be used in game.
->pass
  state:not started, debug, error
  Command can only be used in game.
->pass
  state:not started, debug, error
  Command can only be used in game.
->pass
  state:not started, debug, error
  Command can only be used in game.
->pass
  state:not started, debug, error
  Command can only be used in game.
->fire
  state:not started, debug, error
  Command can only be used in game.
->pass
  state:not started, debug, error
  Command can only be used in game.
->pass
  state:not started, debug, error
  Command can only be used in game.
->pass
  state:not started, debug, error
  Command can only be used in game.
->pass
  state:not started, debug, error
  Command can only be used in game.
->pass
  state:not started, debug, error
  Command can only be used in game.
->pass
  state:not started, debug, error
  Command can only be used in game.
->special
  state:not started, debug, error
  Command can only be used in game.
->pass
  state:not started, debug, error
  Command can only be used in game.
->move(B,12)
  state:not started, debug, error
  Command can only be used in game.
->pass
  state:not started, debug, error
  Command can only be used in game.
->move(G,10)
  state:not started, debug, error
  Command can only be used in game.
->pass
  state:not started, debug, error
  Command can only be used in game.
->pass
  state:not started, debug, error
  Command can only be used in game.
->fire
  state:not started, debug, error
  Command can only be used in game.
->pass
  state:not started, debug, error
  Command can only be used in game.
->pass
  state:not started, debug, error
  Command can only be used in game.
->special
  state:not started, debug, error
  Command can only be used in game.
->pass
  state:not started, debug, error
  Command can only be used in game.
->pass
  state:not started, debug, error
  Command can only be used in game.
->pass
  state:not started, debug, error
  Command can only be used in game.
->pass
  state:not started, debug, error
  Command can only be used in game.
->pass
  state:not started, debug, error
  Command can only be used in game.
->pass
  state:not started, debug, error
  Command can only be used in game.
->pass
  state:not started, debug, error
  Command can only be used in game.
->fire
  state:not started, debug, error
  Command can only be used in game.
->pass
  state:not started, debug, error
  Command can only be used in game.
->special
  state:not started, debug, error
  Command can only be used in game.
->pass
  state:not started, debug, error
  Command can only be used in game.
->pass
  state:not started, debug, error
  Command can only be used in game.
->pass
  state:not started, debug, error
  Command can only be used in game.
->pass
  state:not started, debug, error
  Command can only be used in game.
->pass
  state:not started, debug, error
  Command can only be used in game.
->pass
  state:not started, debug, error
  Command can only be used in game.
->pass
  state:not started, debug, error
  Command can only be used in game.
->pass
  state:not started, debug, error
  Command can only be used in game.
->pass
  state:not started, debug, error
  Command can only be used in game.
->pass
  state:not started, debug, error
  Command can only be used in game.
->pass
  state:not started, debug, error
  Command can only be used in game.
->pass
  state:not started, debug, error
  Command can only be used in game.
->pass
  state:not started, debug, error
  Command can only be used in game.
->pass
  state:not started, debug, error
  Command can only be used in game.
->pass
  state:not started, debug, error
  Command can only be used in game.
->pass
  state:not started, debug, error
  Command can only be used in game.
->pass
  state:not started, debug, error
  Command can only be used in game.
->move(F,20)
  state:not started, debug, error
  Command can only be used in game.
->pass
  state:not started, debug, error
  Command can only be used in game.
->pass
  state:not started, debug, error
  Command can only be used in game.
->pass
  state:not started, debug, error
  Command can only be used in game.
->pass
  state:not started, debug, error
  Command can only be used in game.
->special
  state:not started, debug, error
  Command can only be used in game.
->pass
  state:not started, debug, error
  Command can only be used in game.
->pass
  state:not started, debug, error
  Command can only be used in game.
->pass
  state:not started, debug, error
  Command can only be used in game.
->fire
  state:not started, debug, error
  Command can only be used in game.
->pass
  state:not started, debug, error
  Command can only be used in game.
->pass
  state:not started, debug, error
  Command can only be used in game.
->pass
  state:not started, debug, error
  Command can only be used in game.
->pass
  state:not started, debug, error
  Command can only be used in game.
->pass
  state:not started, debug, error
  Command can only be used in game.
->pass
  state:not started, debug, error
  Command can only be used in game.
->pass
  state:not started, debug, error
  Command can only be used in game.
->pass
  state:not started, debug, error
  Command can only be used in game.
->pass
  state:not started, debug, error
  Command can only be used in game.
->pass
  state:not started, debug, error
  Command can only be used in game.
->pass
  state:not started, debug, error
  Command can only be used in game.
->pass
  state:not started, debug, error
  Command can only be used in game.
->move(B,13)
  state:not started, debug, error
  Command can only be used in game.
->pass
  state:not started, debug, error
  Command can only be used in game.
->pass
  state:not started, debug, error
  Command can only be used in game.
->pass
  state:not started, debug, error
  Command can only be used in game.
->pass
  state:not started, debug, error
  Command can only be used in game.
->pass
  state:not started, debug, error
  Command can only be used in game.
->pass
  state:not started, debug, error
  Command can only be used in game.
->pass
  state:not started, debug, error
  Command can only be used in game.
