  state:not started, normal, ok
  Welcome to Space Defender Version 2.
->play(8,25,45,47,70,75,81)
  state:weapon setup, normal, ok
  1:Standard (A single projectile is fired in front)
    Health:10, Energy:10, Regen:0/1, Armour:0, Vision:1, Move:1, Move Cost:1,
    Projectile Damage:70, Projectile Cost:5 (energy)
  2:Spread (Three projectiles are fired in front, two going diagonal)
    Health:0, Energy:60, Regen:0/2, Armour:1, Vision:0, Move:0, Move Cost:2,
    Projectile Damage:50, Projectile Cost:10 (energy)
  3:Snipe (Fast and high damage projectile, but only travels via teleporting)
    Health:0, Energy:100, Regen:0/5, Armour:0, Vision:10, Move:3, Move Cost:0,
    Projectile Damage:1000, Projectile Cost:20 (energy)
  4:Rocket (Two projectiles appear behind to the sides of the Starfighter and accelerates)
    Health:10, Energy:0, Regen:10/0, Armour:2, Vision:2, Move:0, Move Cost:3,
    Projectile Damage:100, Projectile Cost:10 (health)
  5:Splitter (A single mine projectile is placed in front of the Starfighter)
    Health:0, Energy:100, Regen:0/10, Armour:0, Vision:0, Move:0, Move Cost:5,
    Projectile Damage:150, Projectile Cost:70 (energy)
  Weapon Selected:Standard
->setup_select(2)
  state:weapon setup, normal, ok
  1:Standard (A single projectile is fired in front)
    Health:10, Energy:10, Regen:0/1, Armour:0, Vision:1, Move:1, Move Cost:1,
    Projectile Damage:70, Projectile Cost:5 (energy)
  2:Spread (Three projectiles are fired in front, two going diagonal)
    Health:0, Energy:60, Regen:0/2, Armour:1, Vision:0, Move:0, Move Cost:2,
    Projectile Damage:50, Projectile Cost:10 (energy)
  3:Snipe (Fast and high damage projectile, but only travels via teleporting)
    Health:0, Energy:100, Regen:0/5, Armour:0, Vision:10, Move:3, Move Cost:0,
    Projectile Damage:1000, Projectile Cost:20 (energy)
  4:Rocket (Two projectiles appear behind to the sides of the Starfighter and accelerates)
    Health:10, Energy:0, Regen:10/0, Armour:2, Vision:2, Move:0, Move Cost:3,
    Projectile Damage:100, Projectile Cost:10 (health)
  5:Splitter (A single mine projectile is placed in front of the Starfighter)
    Health:0, Energy:100, Regen:0/10, Armour:0, Vision:0, Move:0, Move Cost:5,
    Projectile Damage:150, Projectile Cost:70 (energy)
  Weapon Selected:Spread
->setup_next(1)
  state:armour setup, normal, ok
  1:None
    Health:50, Energy:0, Regen:1/0, Armour:0, Vision:0, Move:1, Move Cost:0
  2:Light
    Health:75, Energy:0, Regen:2/0, Armour:3, Vision:0, Move:0, Move Cost:1
  3:Medium
    Health:100, Energy:0, Regen:3/0, Armour:5, Vision:0, Move:0, Move Cost:3
  4:Heavy
    Health:200, Energy:0, Regen:4/0, Armour:10, Vision:0, Move:-1, Move Cost:5
  Armour Selected:None
->setup_select(1)
  state:armour setup, normal, ok
  1:None
    Health:50, Energy:0, Regen:1/0, Armour:0, Vision:0, Move:1, Move Cost:0
  2:Light
    Health:75, Energy:0, Regen:2/0, Armour:3, Vision:0, Move:0, Move Cost:1
  3:Medium
    Health:100, Energy:0, Regen:3/0, Armour:5, Vision:0, Move:0, Move Cost:3
  4:Heavy
    Health:200, Energy:0, Regen:4/0, Armour:10, Vision:0, Move:-1, Move Cost:5
  Armour Selected:None
->setup_next(1)
  state:engine setup, normal, ok
  1:Standard
    Health:10, Energy:60, Regen:0/2, Armour:1, Vision:12, Move:8, Move Cost:2
  2:Light
    Health:0, Energy:30, Regen:0/1, Armour:0, Vision:15, Move:10, Move Cost:1
  3:Armoured
    Health:50, Energy:100, Regen:0/3, Armour:3, Vision:6, Move:4, Move Cost:5
  Engine Selected:Standard
->setup_select(2)
  state:engine setup, normal, ok
  1:Standard
    Health:10, Energy:60, Regen:0/2, Armour:1, Vision:12, Move:8, Move Cost:2
  2:Light
    Health:0, Energy:30, Regen:0/1, Armour:0, Vision:15, Move:10, Move Cost:1
  3:Armoured
    Health:50, Energy:100, Regen:0/3, Armour:3, Vision:6, Move:4, Move Cost:5
  Engine Selected:Light
->setup_next(1)
  state:power setup, normal, ok
  1:Recall (50 energy): Teleport back to spawn.
  2:Repair (50 energy): Gain 50 health, can go over max health. Health regen will not be in effect if over cap.
  3:Overcharge (up to 50 health): Gain 2*health spent energy, can go over max energy. Energy regen will not be in effect if over cap.
  4:Deploy Drones (100 energy): Clear all projectiles.
  5:Orbital Strike (100 energy): Deal 100 damage to all enemies, affected by armour.
  Power Selected:Recall (50 energy): Teleport back to spawn.
->setup_select(4)
  state:power setup, normal, ok
  1:Recall (50 energy): Teleport back to spawn.
  2:Repair (50 energy): Gain 50 health, can go over max health. Health regen will not be in effect if over cap.
  3:Overcharge (up to 50 health): Gain 2*health spent energy, can go over max energy. Energy regen will not be in effect if over cap.
  4:Deploy Drones (100 energy): Clear all projectiles.
  5:Orbital Strike (100 energy): Deal 100 damage to all enemies, affected by armour.
  Power Selected:Deploy Drones (100 energy): Clear all projectiles.
->setup_next(1)
  state:setup summary, normal, ok
  Weapon Selected:Spread
  Armour Selected:None
  Engine Selected:Light
  Power Selected:Deploy Drones (100 energy): Clear all projectiles.
->setup_select(2)
  state:setup summary, normal, error
  Command can only be used in setup mode (excluding summary in setup).
->setup_next(1)
  state:in game(0.0), normal, ok
  Starfighter:
    [0,S]->health:50/50, energy:90/90, Regen:1/3, Armour:1, Vision:15, Move:11, Move Cost:3, location:[D,1]
      Projectile Pattern:Spread, Projectile Damage:50, Projectile Cost:10 (energy)
      Power:Deploy Drones (100 energy): Clear all projectiles.
      score:0
      1  2  3  4  5  6  7  8  9 10 11 12 13 14 15 16 17 18 19 20 21 22 23 24 25
    A _  _  _  _  _  _  _  _  _  _  _  _  _  ?  ?  ?  ?  ?  ?  ?  ?  ?  ?  ?  ?
    B _  _  _  _  _  _  _  _  _  _  _  _  _  _  ?  ?  ?  ?  ?  ?  ?  ?  ?  ?  ?
    C _  _  _  _  _  _  _  _  _  _  _  _  _  _  _  ?  ?  ?  ?  ?  ?  ?  ?  ?  ?
    D S  _  _  _  _  _  _  _  _  _  _  _  _  _  _  _  ?  ?  ?  ?  ?  ?  ?  ?  ?
    E _  _  _  _  _  _  _  _  _  _  _  _  _  _  _  ?  ?  ?  ?  ?  ?  ?  ?  ?  ?
    F _  _  _  _  _  _  _  _  _  _  _  _  _  _  ?  ?  ?  ?  ?  ?  ?  ?  ?  ?  ?
    G _  _  _  _  _  _  _  _  _  _  _  _  _  ?  ?  ?  ?  ?  ?  ?  ?  ?  ?  ?  ?
    H _  _  _  _  _  _  _  _  _  _  _  _  ?  ?  ?  ?  ?  ?  ?  ?  ?  ?  ?  ?  ?
->pass
  state:in game(1.0), normal, ok
  Starfighter:
    [0,S]->health:50/50, energy:90/90, Regen:1/3, Armour:1, Vision:15, Move:11, Move Cost:3, location:[D,1]
      Projectile Pattern:Spread, Projectile Damage:50, Projectile Cost:10 (energy)
      Power:Deploy Drones (100 energy): Clear all projectiles.
      score:0
      1  2  3  4  5  6  7  8  9 10 11 12 13 14 15 16 17 18 19 20 21 22 23 24 25
    A _  _  _  _  _  _  _  _  _  _  _  _  _  ?  ?  ?  ?  ?  ?  ?  ?  ?  ?  ?  ?
    B _  _  _  _  _  _  _  _  _  _  _  _  _  _  ?  ?  ?  ?  ?  ?  ?  ?  ?  ?  ?
    C _  _  _  _  _  _  _  _  _  _  _  _  _  _  _  ?  ?  ?  ?  ?  ?  ?  ?  ?  ?
    D S  _  _  _  _  _  _  _  _  _  _  _  _  _  _  _  ?  ?  ?  ?  ?  ?  ?  ?  ?
    E _  _  _  _  _  _  _  _  _  _  _  _  _  _  _  ?  ?  ?  ?  ?  ?  ?  ?  ?  ?
    F _  _  _  _  _  _  _  _  _  _  _  _  _  _  ?  ?  ?  ?  ?  ?  ?  ?  ?  ?  ?
    G _  _  _  _  _  _  _  _  _  _  _  _  _  ?  ?  ?  ?  ?  ?  ?  ?  ?  ?  ?  ?
    H _  _  _  _  _  _  _  _  _  _  _  _  ?  ?  ?  ?  ?  ?  ?  ?  ?  ?  ?  ?  ?
->pass
  state:in game(2.0), normal, ok
  Starfighter:
    [0,S]->health:50/50, energy:90/90, Regen:1/3, Armour:1, Vision:15, Move:11, Move Cost:3, location:[D,1]
      Projectile Pattern:Spread, Projectile Damage:50, Projectile Cost:10 (energy)
      Power:Deploy Drones (100 energy): Clear all projectiles.
      score:0
      1  2  3  4  5  6  7  8  9 10 11 12 13 14 15 16 17 18 19 20 21 22 23 24 25
    A _  _  _  _  _  _  _  _  _  _  _  _  _  ?  ?  ?  ?  ?  ?  ?  ?  ?  ?  ?  ?
    B _  _  _  _  _  _  _  _  _  _  _  _  _  _  ?  ?  ?  ?  ?  ?  ?  ?  ?  ?  ?
    C _  _  _  _  _  _  _  _  _  _  _  _  _  _  _  ?  ?  ?  ?  ?  ?  ?  ?  ?  ?
    D S  _  _  _  _  _  _  _  _  _  _  _  _  _  _  _  ?  ?  ?  ?  ?  ?  ?  ?  ?
    E _  _  _  _  _  _  _  _  _  _  _  _  _  _  _  ?  ?  ?  ?  ?  ?  ?  ?  ?  ?
    F _  _  _  _  _  _  _  _  _  _  _  _  _  _  ?  ?  ?  ?  ?  ?  ?  ?  ?  ?  ?
    G _  _  _  _  _  _  _  _  _  _  _  _  _  ?  ?  ?  ?  ?  ?  ?  ?  ?  ?  ?  ?
    H _  _  _  _  _  _  _  _  _  _  _  _  ?  ?  ?  ?  ?  ?  ?  ?  ?  ?  ?  ?  ?
->pass
  state:in game(3.0), normal, ok
  Starfighter:
    [0,S]->health:50/50, energy:90/90, Regen:1/3, Armour:1, Vision:15, Move:11, Move Cost:3, location:[D,1]
      Projectile Pattern:Spread, Projectile Damage:50, Projectile Cost:10 (energy)
      Power:Deploy Drones (100 energy): Clear all projectiles.
      score:0
      1  2  3  4  5  6  7  8  9 10 11 12 13 14 15 16 17 18 19 20 21 22 23 24 25
    A _  _  _  _  _  _  _  _  _  _  _  _  _  ?  ?  ?  ?  ?  ?  ?  ?  ?  ?  ?  ?
    B _  _  _  _  _  _  _  _  _  _  _  _  _  _  ?  ?  ?  ?  ?  ?  ?  ?  ?  ?  ?
    C _  _  _  _  _  _  _  _  _  _  _  _  _  _  _  ?  ?  ?  ?  ?  ?  ?  ?  ?  ?
    D S  _  _  _  _  _  _  _  _  _  _  _  _  _  _  _  ?  ?  ?  ?  ?  ?  ?  ?  ?
    E _  _  _  _  _  _  _  _  _  _  _  _  _  _  _  ?  ?  ?  ?  ?  ?  ?  ?  ?  ?
    F _  _  _  _  _  _  _  _  _  _  _  _  _  _  ?  ?  ?  ?  ?  ?  ?  ?  ?  ?  ?
    G _  _  _  _  _  _  _  _  _  _  _  _  _  ?  ?  ?  ?  ?  ?  ?  ?  ?  ?  ?  ?
    H _  _  _  _  _  _  _  _  _  _  _  _  ?  ?  ?  ?  ?  ?  ?  ?  ?  ?  ?  ?  ?
->pass
  state:in game(4.0), normal, ok
  Starfighter:
    [0,S]->health:50/50, energy:90/90, Regen:1/3, Armour:1, Vision:15, Move:11, Move Cost:3, location:[D,1]
      Projectile Pattern:Spread, Projectile Damage:50, Projectile Cost:10 (energy)
      Power:Deploy Drones (100 energy): Clear all projectiles.
      score:0
      1  2  3  4  5  6  7  8  9 10 11 12 13 14 15 16 17 18 19 20 21 22 23 24 25
    A _  _  _  _  _  _  _  _  _  _  _  _  _  ?  ?  ?  ?  ?  ?  ?  ?  ?  ?  ?  ?
    B _  _  _  _  _  _  _  _  _  _  _  _  _  _  ?  ?  ?  ?  ?  ?  ?  ?  ?  ?  ?
    C _  _  _  _  _  _  _  _  _  _  _  _  _  _  _  ?  ?  ?  ?  ?  ?  ?  ?  ?  ?
    D S  _  _  _  _  _  _  _  _  _  _  _  _  _  _  _  ?  ?  ?  ?  ?  ?  ?  ?  ?
    E _  _  _  _  _  _  _  _  _  _  _  _  _  _  _  ?  ?  ?  ?  ?  ?  ?  ?  ?  ?
    F _  _  _  _  _  _  _  _  _  _  _  _  _  _  ?  ?  ?  ?  ?  ?  ?  ?  ?  ?  ?
    G _  _  _  _  _  _  _  _  _  _  _  _  _  ?  ?  ?  ?  ?  ?  ?  ?  ?  ?  ?  ?
    H _  _  _  _  _  _  _  _  _  _  _  _  ?  ?  ?  ?  ?  ?  ?  ?  ?  ?  ?  ?  ?
->pass
  state:in game(5.0), normal, ok
  Starfighter:
    [0,S]->health:50/50, energy:90/90, Regen:1/3, Armour:1, Vision:15, Move:11, Move Cost:3, location:[D,1]
      Projectile Pattern:Spread, Projectile Damage:50, Projectile Cost:10 (energy)
      Power:Deploy Drones (100 energy): Clear all projectiles.
      score:0
      1  2  3  4  5  6  7  8  9 10 11 12 13 14 15 16 17 18 19 20 21 22 23 24 25
    A _  _  _  _  _  _  _  _  _  <  _  <  _  ?  ?  ?  ?  ?  ?  ?  ?  ?  ?  ?  ?
    B _  _  _  _  _  _  _  _  _  _  _  _  _  _  ?  ?  ?  ?  ?  ?  ?  ?  ?  ?  ?
    C _  _  _  _  _  _  _  _  _  _  _  _  _  _  _  ?  ?  ?  ?  ?  ?  ?  ?  ?  ?
    D S  _  _  _  _  _  _  _  _  _  _  _  _  _  _  _  ?  ?  ?  ?  ?  ?  ?  ?  ?
    E _  _  _  _  _  _  _  _  _  _  _  _  _  <  _  ?  ?  ?  ?  ?  ?  ?  ?  ?  ?
    F _  _  _  _  _  _  _  _  _  _  _  _  _  _  ?  ?  ?  ?  ?  ?  ?  ?  ?  ?  ?
    G _  _  _  _  _  _  _  _  _  _  _  _  _  ?  ?  ?  ?  ?  ?  ?  ?  ?  ?  ?  ?
    H _  _  _  _  _  _  _  _  _  _  _  _  ?  ?  ?  ?  ?  ?  ?  ?  ?  ?  ?  ?  ?
->special
  state:in game(5.1), normal, error
  Not enough resources to use special.
->pass
  state:in game(6.0), normal, ok
  Starfighter:
    [0,S]->health:50/50, energy:90/90, Regen:1/3, Armour:1, Vision:15, Move:11, Move Cost:3, location:[D,1]
      Projectile Pattern:Spread, Projectile Damage:50, Projectile Cost:10 (energy)
      Power:Deploy Drones (100 energy): Clear all projectiles.
      score:0
      1  2  3  4  5  6  7  8  9 10 11 12 13 14 15 16 17 18 19 20 21 22 23 24 25
    A _  _  _  _  _  <  _  <  _  <  _  <  _  ?  ?  ?  ?  ?  ?  ?  ?  ?  ?  ?  ?
    B _  _  _  _  _  _  _  _  _  _  _  _  _  _  ?  ?  ?  ?  ?  ?  ?  ?  ?  ?  ?
    C _  _  _  _  _  _  _  _  _  _  _  _  _  _  _  ?  ?  ?  ?  ?  ?  ?  ?  ?  ?
    D S  _  _  _  _  _  _  _  _  _  _  _  _  _  _  _  ?  ?  ?  ?  ?  ?  ?  ?  ?
    E _  _  _  _  _  _  _  _  _  <  _  <  _  <  _  ?  ?  ?  ?  ?  ?  ?  ?  ?  ?
    F _  _  _  _  _  _  _  _  _  _  _  _  _  _  ?  ?  ?  ?  ?  ?  ?  ?  ?  ?  ?
    G _  _  _  _  _  _  _  _  _  _  _  _  _  ?  ?  ?  ?  ?  ?  ?  ?  ?  ?  ?  ?
    H _  _  _  _  _  _  _  _  _  _  _  _  ?  ?  ?  ?  ?  ?  ?  ?  ?  ?  ?  ?  ?
->pass
  state:in game(7.0), normal, ok
  Starfighter:
    [0,S]->health:50/50, energy:90/90, Regen:1/3, Armour:1, Vision:15, Move:11, Move Cost:3, location:[D,1]
      Projectile Pattern:Spread, Projectile Damage:50, Projectile Cost:10 (energy)
      Power:Deploy Drones (100 energy): Clear all projectiles.
      score:0
      1  2  3  4  5  6  7  8  9 10 11 12 13 14 15 16 17 18 19 20 21 22 23 24 25
    A _  <  _  <  _  <  _  <  _  <  _  <  G  ?  ?  ?  ?  ?  ?  ?  ?  ?  ?  ?  ?
    B _  _  _  _  _  _  _  _  _  _  _  _  _  _  ?  ?  ?  ?  ?  ?  ?  ?  ?  ?  ?
    C _  _  _  _  _  _  _  _  _  _  _  _  _  <  _  ?  ?  ?  ?  ?  ?  ?  ?  ?  ?
    D S  _  _  _  _  _  _  _  _  _  _  _  _  _  _  _  ?  ?  ?  ?  ?  ?  ?  ?  ?
    E _  _  _  _  _  <  _  <  _  <  _  <  _  <  G  ?  ?  ?  ?  ?  ?  ?  ?  ?  ?
    F _  _  _  _  _  _  _  _  _  _  _  _  _  _  ?  ?  ?  ?  ?  ?  ?  ?  ?  ?  ?
    G _  _  _  _  _  _  _  _  _  _  _  _  _  ?  ?  ?  ?  ?  ?  ?  ?  ?  ?  ?  ?
    H _  _  _  _  _  _  _  _  _  <  _  <  ?  ?  ?  ?  ?  ?  ?  ?  ?  ?  ?  ?  ?
->pass
  state:in game(8.0), normal, ok
  Starfighter:
    [0,S]->health:50/50, energy:90/90, Regen:1/3, Armour:1, Vision:15, Move:11, Move Cost:3, location:[D,1]
      Projectile Pattern:Spread, Projectile Damage:50, Projectile Cost:10 (energy)
      Power:Deploy Drones (100 energy): Clear all projectiles.
      score:0
      1  2  3  4  5  6  7  8  9 10 11 12 13 14 15 16 17 18 19 20 21 22 23 24 25
    A _  <  _  <  _  <  _  <  _  <  G  _  _  ?  ?  ?  ?  ?  ?  ?  ?  ?  ?  ?  ?
    B _  _  _  _  _  _  _  _  _  _  _  _  _  _  ?  ?  ?  ?  ?  ?  ?  ?  ?  ?  ?
    C _  _  _  _  _  _  _  _  _  <  _  <  _  <  _  ?  ?  ?  ?  ?  ?  ?  ?  ?  ?
    D S  _  _  _  _  _  _  _  _  _  _  _  _  _  _  _  ?  ?  ?  ?  ?  ?  ?  ?  ?
    E _  <  _  <  _  <  _  <  _  <  _  <  G  _  _  ?  ?  ?  ?  ?  ?  ?  ?  ?  ?
    F _  _  _  _  _  _  _  _  _  _  _  _  _  _  ?  ?  ?  ?  ?  ?  ?  ?  ?  ?  ?
    G _  _  _  _  _  _  _  _  _  _  _  _  _  ?  ?  ?  ?  ?  ?  ?  ?  ?  ?  ?  ?
    H _  _  _  _  _  <  _  <  _  <  _  <  ?  ?  ?  ?  ?  ?  ?  ?  ?  ?  ?  ?  ?
->pass
  state:in game(9.0), normal, ok
  Starfighter:
    [0,S]->health:50/50, energy:90/90, Regen:1/3, Armour:1, Vision:15, Move:11, Move Cost:3, location:[D,1]
      Projectile Pattern:Spread, Projectile Damage:50, Projectile Cost:10 (energy)
      Power:Deploy Drones (100 energy): Clear all projectiles.
      score:0
      1  2  3  4  5  6  7  8  9 10 11 12 13 14 15 16 17 18 19 20 21 22 23 24 25
    A _  <  _  <  _  <  _  <  G  _  _  _  _  ?  ?  ?  ?  ?  ?  ?  ?  ?  ?  ?  ?
    B _  _  _  _  _  _  _  _  _  _  _  _  _  _  ?  ?  ?  ?  ?  ?  ?  ?  ?  ?  ?
    C _  _  _  _  _  <  _  <  _  <  _  <  _  <  G  ?  ?  ?  ?  ?  ?  ?  ?  ?  ?
    D S  _  _  _  _  _  _  _  _  _  _  _  _  _  _  _  ?  ?  ?  ?  ?  ?  ?  ?  ?
    E _  <  _  <  _  <  _  <  _  <  G  _  _  _  _  ?  ?  ?  ?  ?  ?  ?  ?  ?  ?
    F _  _  _  _  _  _  _  _  _  _  _  _  _  _  ?  ?  ?  ?  ?  ?  ?  ?  ?  ?  ?
    G _  _  _  _  _  _  _  _  _  _  _  _  _  ?  ?  ?  ?  ?  ?  ?  ?  ?  ?  ?  ?
    H _  <  _  <  _  <  _  <  _  <  _  <  ?  ?  ?  ?  ?  ?  ?  ?  ?  ?  ?  ?  ?
->pass
  state:in game(10.0), normal, ok
  Starfighter:
    [0,S]->health:50/50, energy:90/90, Regen:1/3, Armour:1, Vision:15, Move:11, Move Cost:3, location:[D,1]
      Projectile Pattern:Spread, Projectile Damage:50, Projectile Cost:10 (energy)
      Power:Deploy Drones (100 energy): Clear all projectiles.
      score:0
      1  2  3  4  5  6  7  8  9 10 11 12 13 14 15 16 17 18 19 20 21 22 23 24 25
    A _  <  _  <  _  <  G  _  _  _  _  _  _  ?  ?  ?  ?  ?  ?  ?  ?  ?  ?  ?  ?
    B _  _  _  _  _  _  _  _  _  _  _  _  _  _  ?  ?  ?  ?  ?  ?  ?  ?  ?  ?  ?
    C _  <  _  <  _  <  _  <  _  <  _  <  G  _  _  ?  ?  ?  ?  ?  ?  ?  ?  ?  ?
    D S  _  _  _  _  _  _  _  _  _  _  _  _  <  _  <  ?  ?  ?  ?  ?  ?  ?  ?  ?
    E _  <  _  <  _  <  _  <  G  _  _  _  _  _  _  ?  ?  ?  ?  ?  ?  ?  ?  ?  ?
    F _  _  _  _  _  _  _  _  _  _  _  _  _  _  ?  ?  ?  ?  ?  ?  ?  ?  ?  ?  ?
    G _  _  _  _  _  _  _  _  _  _  _  _  _  ?  ?  ?  ?  ?  ?  ?  ?  ?  ?  ?  ?
    H _  <  _  <  _  <  _  <  _  <  G  I  ?  ?  ?  ?  ?  ?  ?  ?  ?  ?  ?  ?  ?
->special
  state:in game(10.1), normal, error
  Not enough resources to use special.
->pass
  state:in game(11.0), normal, ok
  Starfighter:
    [0,S]->health:50/50, energy:90/90, Regen:1/3, Armour:1, Vision:15, Move:11, Move Cost:3, location:[D,1]
      Projectile Pattern:Spread, Projectile Damage:50, Projectile Cost:10 (energy)
      Power:Deploy Drones (100 energy): Clear all projectiles.
      score:0
      1  2  3  4  5  6  7  8  9 10 11 12 13 14 15 16 17 18 19 20 21 22 23 24 25
    A _  <  _  <  G  _  _  _  _  _  _  _  _  ?  ?  ?  ?  ?  ?  ?  ?  ?  ?  ?  ?
    B _  _  _  _  _  _  _  _  _  _  _  _  _  _  ?  ?  ?  ?  ?  ?  ?  ?  ?  ?  ?
    C _  <  _  <  _  <  _  <  _  <  G  _  _  _  I  ?  ?  ?  ?  ?  ?  ?  ?  ?  ?
    D S  _  _  _  _  _  _  _  _  <  _  <  _  <  _  <  ?  ?  ?  ?  ?  ?  ?  ?  ?
    E _  <  _  <  _  <  G  _  _  _  _  _  _  <  _  ?  ?  ?  ?  ?  ?  ?  ?  ?  ?
    F _  _  _  _  _  _  _  _  _  _  _  _  _  _  ?  ?  ?  ?  ?  ?  ?  ?  ?  ?  ?
    G _  _  _  _  _  _  _  _  _  _  _  _  _  ?  ?  ?  ?  ?  ?  ?  ?  ?  ?  ?  ?
    H _  <  _  <  _  <  _  <  G  I  _  _  ?  ?  ?  ?  ?  ?  ?  ?  ?  ?  ?  ?  ?
->fire
  state:in game(12.0), normal, ok
  Starfighter:
    [0,S]->health:50/50, energy:80/90, Regen:1/3, Armour:1, Vision:15, Move:11, Move Cost:3, location:[D,1]
      Projectile Pattern:Spread, Projectile Damage:50, Projectile Cost:10 (energy)
      Power:Deploy Drones (100 energy): Clear all projectiles.
      score:0
      1  2  3  4  5  6  7  8  9 10 11 12 13 14 15 16 17 18 19 20 21 22 23 24 25
    A _  <  G  _  _  _  _  _  _  _  _  _  _  ?  ?  ?  ?  ?  ?  ?  ?  ?  ?  ?  ?
    B _  _  _  _  _  _  _  _  _  _  _  _  C  _  ?  ?  ?  ?  ?  ?  ?  ?  ?  ?  ?
    C _  *  _  <  _  <  _  <  G  _  _  _  _  _  _  ?  ?  ?  ?  ?  ?  ?  ?  ?  ?
    D S  *  _  _  _  <  _  <  _  I  _  <  _  _  I  I  ?  ?  ?  ?  ?  ?  ?  ?  ?
    E _  *  _  <  G  _  _  _  _  _  _  <  _  <  _  ?  ?  ?  ?  ?  ?  ?  ?  ?  ?
    F _  _  _  _  _  _  _  _  _  _  _  _  _  _  ?  ?  ?  ?  ?  ?  ?  ?  ?  ?  ?
    G _  _  _  _  _  _  _  _  _  _  _  _  _  ?  ?  ?  ?  ?  ?  ?  ?  ?  ?  ?  ?
    H _  <  _  <  _  <  G  _  _  _  _  _  ?  ?  ?  ?  ?  ?  ?  ?  ?  ?  ?  ?  ?
->pass
  state:in game(13.0), normal, ok
  Starfighter:
    [0,S]->health:50/50, energy:86/90, Regen:1/3, Armour:1, Vision:15, Move:11, Move Cost:3, location:[D,1]
      Projectile Pattern:Spread, Projectile Damage:50, Projectile Cost:10 (energy)
      Power:Deploy Drones (100 energy): Clear all projectiles.
      score:0
      1  2  3  4  5  6  7  8  9 10 11 12 13 14 15 16 17 18 19 20 21 22 23 24 25
    A _  _  _  _  _  _  _  _  _  _  I  I  _  ?  ?  ?  ?  ?  ?  ?  ?  ?  ?  ?  ?
    B _  _  *  _  _  _  _  _  _  _  C  _  I  _  ?  ?  ?  ?  ?  ?  ?  ?  ?  ?  ?
    C _  <  _  <  _  <  G  _  _  _  I  _  _  _  _  ?  ?  ?  ?  ?  ?  ?  ?  ?  ?
    D S  _  *  <  _  _  I  _  _  _  _  I  _  _  _  I  ?  ?  ?  ?  ?  ?  ?  ?  ?
    E G  _  _  _  _  _  _  <  _  <  _  <  _  <  G  ?  ?  ?  ?  ?  ?  ?  ?  ?  ?
    F _  _  *  _  _  _  _  _  _  _  _  _  _  _  ?  ?  ?  ?  ?  ?  ?  ?  ?  ?  ?
    G _  _  _  _  _  _  _  _  _  _  _  _  _  ?  ?  ?  ?  ?  ?  ?  ?  ?  ?  ?  ?
    H _  <  _  <  G  _  _  _  _  _  _  _  ?  ?  ?  ?  ?  ?  ?  ?  ?  ?  ?  ?  ?
->fire
  state:in game(14.0), normal, ok
  Starfighter:
    [0,S]->health:50/50, energy:79/90, Regen:1/3, Armour:1, Vision:15, Move:11, Move Cost:3, location:[D,1]
      Projectile Pattern:Spread, Projectile Damage:50, Projectile Cost:10 (energy)
      Power:Deploy Drones (100 energy): Clear all projectiles.
      score:0
      1  2  3  4  5  6  7  8  9 10 11 12 13 14 15 16 17 18 19 20 21 22 23 24 25
    A _  _  _  *  _  _  _  _  _  _  I  _  <  ?  ?  ?  ?  ?  ?  ?  ?  ?  ?  ?  ?
    B _  _  _  _  _  _  _  _  I  C  _  _  _  _  ?  ?  ?  ?  ?  ?  ?  ?  ?  ?  ?
    C _  *  _  <  G  _  _  _  _  _  _  I  _  _  _  ?  ?  ?  ?  ?  ?  ?  ?  ?  ?
    D S  *  _  *  _  _  I  _  _  _  I  I  I  _  _  I  ?  ?  ?  ?  ?  ?  ?  ?  ?
    E _  *  _  <  _  <  _  <  _  <  _  <  G  _  _  ?  ?  ?  ?  ?  ?  ?  ?  ?  ?
    F _  _  _  _  _  _  _  _  _  _  _  _  _  _  ?  ?  ?  ?  ?  ?  ?  ?  ?  ?  ?
    G _  _  _  *  _  _  _  _  _  _  _  _  _  ?  ?  ?  ?  ?  ?  ?  ?  ?  ?  ?  ?
    H _  <  G  _  _  _  _  _  _  _  _  _  ?  ?  ?  ?  ?  ?  ?  ?  ?  ?  ?  ?  ?
->pass
  state:in game(15.0), normal, ok
  Starfighter:
    [0,S]->health:50/50, energy:85/90, Regen:1/3, Armour:1, Vision:15, Move:11, Move Cost:3, location:[D,1]
      Projectile Pattern:Spread, Projectile Damage:50, Projectile Cost:10 (energy)
      Power:Deploy Drones (100 energy): Clear all projectiles.
      score:0
      1  2  3  4  5  6  7  8  9 10 11 12 13 14 15 16 17 18 19 20 21 22 23 24 25
    A _  _  _  _  _  _  _  _  _  I  I  _  <  ?  ?  ?  ?  ?  ?  ?  ?  ?  ?  ?  ?
    B _  _  *  _  _  I  _  _  _  C  _  _  _  _  ?  ?  ?  ?  ?  ?  ?  ?  ?  ?  ?
    C G  _  _  _  _  _  _  _  _  I  I  _  _  I  _  ?  ?  ?  ?  ?  ?  ?  ?  ?  ?
    D S  _  *  I  _  _  _  I  _  _  _  I  I  I  _  _  ?  ?  ?  ?  ?  ?  ?  ?  ?
    E _  <  _  <  _  <  _  <  _  <  G  _  _  _  _  ?  ?  ?  ?  ?  ?  ?  ?  ?  ?
    F _  _  *  _  _  _  _  _  _  _  _  _  _  _  ?  ?  ?  ?  ?  ?  ?  ?  ?  ?  ?
    G _  _  _  _  _  _  _  _  _  _  _  _  _  ?  ?  ?  ?  ?  ?  ?  ?  ?  ?  ?  ?
    H G  _  _  _  *  _  _  _  _  _  _  _  ?  ?  ?  ?  ?  ?  ?  ?  ?  ?  ?  ?  ?
->pass
  state:in game(16.0), normal, ok
  Starfighter:
    [0,S]->health:50/50, energy:90/90, Regen:1/3, Armour:1, Vision:15, Move:11, Move Cost:3, location:[D,1]
      Projectile Pattern:Spread, Projectile Damage:50, Projectile Cost:10 (energy)
      Power:Deploy Drones (100 energy): Clear all projectiles.
      score:1
      1  2  3  4  5  6  7  8  9 10 11 12 13 14 15 16 17 18 19 20 21 22 23 24 25
    A _  _  _  *  _  _  _  I  I  _  I  G  _  ?  ?  ?  ?  ?  ?  ?  ?  ?  ?  ?  ?
    B _  _  I  _  _  _  _  C  _  _  _  _  _  <  ?  ?  ?  ?  ?  ?  ?  ?  ?  ?  ?
    C _  _  _  _  _  _  _  I  I  _  I  I  _  _  I  ?  ?  ?  ?  ?  ?  ?  ?  ?  ?
    D S  _  _  _  I  _  _  _  I  _  _  _  I  I  G  I  ?  ?  ?  ?  ?  ?  ?  ?  ?
    E _  <  _  <  _  <  _  <  G  _  _  _  _  _  _  ?  ?  ?  ?  ?  ?  ?  ?  ?  ?
    F _  _  _  _  _  _  _  _  _  _  _  _  _  _  ?  ?  ?  ?  ?  ?  ?  ?  ?  ?  ?
    G _  _  _  *  _  _  _  _  _  _  _  _  _  ?  ?  ?  ?  ?  ?  ?  ?  ?  ?  ?  ?
    H _  _  _  _  _  _  _  _  _  _  _  _  ?  ?  ?  ?  ?  ?  ?  ?  ?  ?  ?  ?  ?
->pass
  state:in game(17.0), normal, ok
  Starfighter:
    [0,S]->health:50/50, energy:90/90, Regen:1/3, Armour:1, Vision:15, Move:11, Move Cost:3, location:[D,1]
      Projectile Pattern:Spread, Projectile Damage:50, Projectile Cost:10 (energy)
      Power:Deploy Drones (100 energy): Clear all projectiles.
      score:1
      1  2  3  4  5  6  7  8  9 10 11 12 13 14 15 16 17 18 19 20 21 22 23 24 25
    A _  _  _  _  _  I  I  _  I  I  _  G  _  ?  ?  ?  ?  ?  ?  ?  ?  ?  ?  ?  ?
    B _  _  _  _  _  C  _  _  _  <  _  <  _  <  ?  ?  ?  ?  ?  ?  ?  ?  ?  ?  ?
    C _  _  _  _  _  I  I  _  I  I  _  I  I  _  _  ?  ?  ?  ?  ?  ?  ?  ?  ?  ?
    D S  I  _  _  _  I  _  _  _  I  I  _  _  _  G  I  ?  ?  ?  ?  ?  ?  ?  ?  ?
    E _  <  _  <  _  <  G  _  _  _  _  _  _  _  I  ?  ?  ?  ?  ?  ?  ?  ?  ?  ?
    F _  _  _  _  _  _  _  _  _  _  _  _  _  _  ?  ?  ?  ?  ?  ?  ?  ?  ?  ?  ?
    G _  _  _  _  _  _  _  _  _  _  _  _  _  ?  ?  ?  ?  ?  ?  ?  ?  ?  ?  ?  ?
    H _  _  _  _  *  _  _  _  _  _  _  _  ?  ?  ?  ?  ?  ?  ?  ?  ?  ?  ?  ?  ?
->pass
  state:not started, normal, ok
  Starfighter:
    [0,S]->health:0/50, energy:90/90, Regen:1/3, Armour:1, Vision:15, Move:11, Move Cost:3, location:[D,1]
      Projectile Pattern:Spread, Projectile Damage:50, Projectile Cost:10 (energy)
      Power:Deploy Drones (100 energy): Clear all projectiles.
      score:2
      1  2  3  4  5  6  7  8  9 10 11 12 13 14 15 16 17 18 19 20 21 22 23 24 25
    A _  _  _  I  _  I  I  _  I  I  G  _  _  ?  ?  ?  ?  ?  ?  ?  ?  ?  ?  ?  ?
    B _  _  _  C  _  _  _  <  _  <  _  <  _  _  ?  ?  ?  ?  ?  ?  ?  ?  ?  ?  ?
    C _  _  _  I  _  I  I  _  I  I  I  _  I  I  _  ?  ?  ?  ?  ?  ?  ?  ?  ?  ?
    D X  _  I  _  _  _  I  I  _  _  _  <  G  I  _  _  ?  ?  ?  ?  ?  ?  ?  ?  ?
    E _  <  _  <  G  _  _  _  _  _  _  _  _  _  I  ?  ?  ?  ?  ?  ?  ?  ?  ?  ?
    F _  _  _  _  _  _  _  _  _  _  _  _  I  _  ?  ?  ?  ?  ?  ?  ?  ?  ?  ?  ?
    G _  _  _  _  _  _  _  _  _  _  _  _  C  ?  ?  ?  ?  ?  ?  ?  ?  ?  ?  ?  ?
    H _  _  _  _  _  _  _  _  _  _  _  _  ?  ?  ?  ?  ?  ?  ?  ?  ?  ?  ?  ?  ?
  The game is over. Better luck next time!
->pass
  state:not started, normal, error
  Command can only be used in game.
->fire
  state:not started, normal, error
  Command can only be used in game.
->pass
  state:not started, normal, error
  Command can only be used in game.
->fire
  state:not started, normal, error
  Command can only be used in game.
->special
  state:not started, normal, error
  Command can only be used in game.
->pass
  state:not started, normal, error
  Command can only be used in game.
->pass
  state:not started, normal, error
  Command can only be used in game.
->fire
  state:not started, normal, error
  Command can only be used in game.
->pass
  state:not started, normal, error
  Command can only be used in game.
->pass
  state:not started, normal, error
  Command can only be used in game.
->pass
  state:not started, normal, error
  Command can only be used in game.
->pass
  state:not started, normal, error
  Command can only be used in game.
->pass
  state:not started, normal, error
  Command can only be used in game.
->pass
  state:not started, normal, error
  Command can only be used in game.
->pass
  state:not started, normal, error
  Command can only be used in game.
->pass
  state:not started, normal, error
  Command can only be used in game.
->pass
  state:not started, normal, error
  Command can only be used in game.
->fire
  state:not started, normal, error
  Command can only be used in game.
->pass
  state:not started, normal, error
  Command can only be used in game.
->fire
  state:not started, normal, error
  Command can only be used in game.
->move(J,14)
  state:not started, normal, error
  Command can only be used in game.
->pass
  state:not started, normal, error
  Command can only be used in game.
->special
  state:not started, normal, error
  Command can only be used in game.
->pass
  state:not started, normal, error
  Command can only be used in game.
->pass
  state:not started, normal, error
  Command can only be used in game.
->pass
  state:not started, normal, error
  Command can only be used in game.
->pass
  state:not started, normal, error
  Command can only be used in game.
->pass
  state:not started, normal, error
  Command can only be used in game.
->pass
  state:not started, normal, error
  Command can only be used in game.
->special
  state:not started, normal, error
  Command can only be used in game.
->move(I,20)
  state:not started, normal, error
  Command can only be used in game.
->fire
  state:not started, normal, error
  Command can only be used in game.
->fire
  state:not started, normal, error
  Command can only be used in game.
->special
  state:not started, normal, error
  Command can only be used in game.
->pass
  state:not started, normal, error
  Command can only be used in game.
->move(E,4)
  state:not started, normal, error
  Command can only be used in game.
->pass
  state:not started, normal, error
  Command can only be used in game.
->fire
  state:not started, normal, error
  Command can only be used in game.
->fire
  state:not started, normal, error
  Command can only be used in game.
->pass
  state:not started, normal, error
  Command can only be used in game.
->pass
  state:not started, normal, error
  Command can only be used in game.
->pass
  state:not started, normal, error
  Command can only be used in game.
->fire
  state:not started, normal, error
  Command can only be used in game.
->fire
  state:not started, normal, error
  Command can only be used in game.
->pass
  state:not started, normal, error
  Command can only be used in game.
->pass
  state:not started, normal, error
  Command can only be used in game.
->move(H,29)
  state:not started, normal, error
  Command can only be used in game.
->pass
  state:not started, normal, error
  Command can only be used in game.
->pass
  state:not started, normal, error
  Command can only be used in game.
->pass
  state:not started, normal, error
  Command can only be used in game.
->pass
  state:not started, normal, error
  Command can only be used in game.
->pass
  state:not started, normal, error
  Command can only be used in game.
->pass
  state:not started, normal, error
  Command can only be used in game.
->pass
  state:not started, normal, error
  Command can only be used in game.
->fire
  state:not started, normal, error
  Command can only be used in game.
->pass
  state:not started, normal, error
  Command can only be used in game.
->pass
  state:not started, normal, error
  Command can only be used in game.
->fire
  state:not started, normal, error
  Command can only be used in game.
->pass
  state:not started, normal, error
  Command can only be used in game.
->pass
  state:not started, normal, error
  Command can only be used in game.
->pass
  state:not started, normal, error
  Command can only be used in game.
->pass
  state:not started, normal, error
  Command can only be used in game.
->pass
  state:not started, normal, error
  Command can only be used in game.
->move(A,9)
  state:not started, normal, error
  Command can only be used in game.
->pass
  state:not started, normal, error
  Command can only be used in game.
->pass
  state:not started, normal, error
  Command can only be used in game.
->pass
  state:not started, normal, error
  Command can only be used in game.
->pass
  state:not started, normal, error
  Command can only be used in game.
->pass
  state:not started, normal, error
  Command can only be used in game.
->pass
  state:not started, normal, error
  Command can only be used in game.
->pass
  state:not started, normal, error
  Command can only be used in game.
->pass
  state:not started, normal, error
  Command can only be used in game.
->pass
  state:not started, normal, error
  Command can only be used in game.
->pass
  state:not started, normal, error
  Command can only be used in game.
->pass
  state:not started, normal, error
  Command can only be used in game.
->pass
  state:not started, normal, error
  Command can only be used in game.
->pass
  state:not started, normal, error
  Command can only be used in game.
->pass
  state:not started, normal, error
  Command can only be used in game.
->pass
  state:not started, normal, error
  Command can only be used in game.
->fire
  state:not started, normal, error
  Command can only be used in game.
