  state:not started, normal, ok
  Welcome to Space Defender Version 2.
->play(9,23,35,42,62,74,97)
  state:weapon setup, normal, ok
  1:Standard (A single projectile is fired in front)
    Health:10, Energy:10, Regen:0/1, Armour:0, Vision:1, Move:1, Move Cost:1,
    Projectile Damage:70, Projectile Cost:5 (energy)
  2:Spread (Three projectiles are fired in front, two going diagonal)
    Health:0, Energy:60, Regen:0/2, Armour:1, Vision:0, Move:0, Move Cost:2,
    Projectile Damage:50, Projectile Cost:10 (energy)
  3:Snipe (Fast and high damage projectile, but only travels via teleporting)
    Health:0, Energy:100, Regen:0/5, Armour:0, Vision:10, Move:3, Move Cost:0,
    Projectile Damage:1000, Projectile Cost:20 (energy)
  4:Rocket (Two projectiles appear behind to the sides of the Starfighter and accelerates)
    Health:10, Energy:0, Regen:10/0, Armour:2, Vision:2, Move:0, Move Cost:3,
    Projectile Damage:100, Projectile Cost:10 (health)
  5:Splitter (A single mine projectile is placed in front of the Starfighter)
    Health:0, Energy:100, Regen:0/10, Armour:0, Vision:0, Move:0, Move Cost:5,
    Projectile Damage:150, Projectile Cost:70 (energy)
  Weapon Selected:Standard
->toggle_debug_mode
  state:weapon setup, debug, ok
  In debug mode.
->setup_select(2)
  state:weapon setup, debug, ok
  1:Standard (A single projectile is fired in front)
    Health:10, Energy:10, Regen:0/1, Armour:0, Vision:1, Move:1, Move Cost:1,
    Projectile Damage:70, Projectile Cost:5 (energy)
  2:Spread (Three projectiles are fired in front, two going diagonal)
    Health:0, Energy:60, Regen:0/2, Armour:1, Vision:0, Move:0, Move Cost:2,
    Projectile Damage:50, Projectile Cost:10 (energy)
  3:Snipe (Fast and high damage projectile, but only travels via teleporting)
    Health:0, Energy:100, Regen:0/5, Armour:0, Vision:10, Move:3, Move Cost:0,
    Projectile Damage:1000, Projectile Cost:20 (energy)
  4:Rocket (Two projectiles appear behind to the sides of the Starfighter and accelerates)
    Health:10, Energy:0, Regen:10/0, Armour:2, Vision:2, Move:0, Move Cost:3,
    Projectile Damage:100, Projectile Cost:10 (health)
  5:Splitter (A single mine projectile is placed in front of the Starfighter)
    Health:0, Energy:100, Regen:0/10, Armour:0, Vision:0, Move:0, Move Cost:5,
    Projectile Damage:150, Projectile Cost:70 (energy)
  Weapon Selected:Spread
->setup_next(1)
  state:armour setup, debug, ok
  1:None
    Health:50, Energy:0, Regen:1/0, Armour:0, Vision:0, Move:1, Move Cost:0
  2:Light
    Health:75, Energy:0, Regen:2/0, Armour:3, Vision:0, Move:0, Move Cost:1
  3:Medium
    Health:100, Energy:0, Regen:3/0, Armour:5, Vision:0, Move:0, Move Cost:3
  4:Heavy
    Health:200, Energy:0, Regen:4/0, Armour:10, Vision:0, Move:-1, Move Cost:5
  Armour Selected:None
->setup_select(1)
  state:armour setup, debug, ok
  1:None
    Health:50, Energy:0, Regen:1/0, Armour:0, Vision:0, Move:1, Move Cost:0
  2:Light
    Health:75, Energy:0, Regen:2/0, Armour:3, Vision:0, Move:0, Move Cost:1
  3:Medium
    Health:100, Energy:0, Regen:3/0, Armour:5, Vision:0, Move:0, Move Cost:3
  4:Heavy
    Health:200, Energy:0, Regen:4/0, Armour:10, Vision:0, Move:-1, Move Cost:5
  Armour Selected:None
->setup_next(1)
  state:engine setup, debug, ok
  1:Standard
    Health:10, Energy:60, Regen:0/2, Armour:1, Vision:12, Move:8, Move Cost:2
  2:Light
    Health:0, Energy:30, Regen:0/1, Armour:0, Vision:15, Move:10, Move Cost:1
  3:Armoured
    Health:50, Energy:100, Regen:0/3, Armour:3, Vision:6, Move:4, Move Cost:5
  Engine Selected:Standard
->setup_select(1)
  state:engine setup, debug, ok
  1:Standard
    Health:10, Energy:60, Regen:0/2, Armour:1, Vision:12, Move:8, Move Cost:2
  2:Light
    Health:0, Energy:30, Regen:0/1, Armour:0, Vision:15, Move:10, Move Cost:1
  3:Armoured
    Health:50, Energy:100, Regen:0/3, Armour:3, Vision:6, Move:4, Move Cost:5
  Engine Selected:Standard
->setup_next(1)
  state:power setup, debug, ok
  1:Recall (50 energy): Teleport back to spawn.
  2:Repair (50 energy): Gain 50 health, can go over max health. Health regen will not be in effect if over cap.
  3:Overcharge (up to 50 health): Gain 2*health spent energy, can go over max energy. Energy regen will not be in effect if over cap.
  4:Deploy Drones (100 energy): Clear all projectiles.
  5:Orbital Strike (100 energy): Deal 100 damage to all enemies, affected by armour.
  Power Selected:Recall (50 energy): Teleport back to spawn.
->setup_select(4)
  state:power setup, debug, ok
  1:Recall (50 energy): Teleport back to spawn.
  2:Repair (50 energy): Gain 50 health, can go over max health. Health regen will not be in effect if over cap.
  3:Overcharge (up to 50 health): Gain 2*health spent energy, can go over max energy. Energy regen will not be in effect if over cap.
  4:Deploy Drones (100 energy): Clear all projectiles.
  5:Orbital Strike (100 energy): Deal 100 damage to all enemies, affected by armour.
  Power Selected:Deploy Drones (100 energy): Clear all projectiles.
->setup_next(1)
  state:setup summary, debug, ok
  Weapon Selected:Spread
  Armour Selected:None
  Engine Selected:Standard
  Power Selected:Deploy Drones (100 energy): Clear all projectiles.
->setup_select(2)
  state:setup summary, debug, error
  Command can only be used in setup mode (excluding summary in setup).
->setup_next(1)
  state:in game(0.0), debug, ok
  Starfighter:
    [0,S]->health:60/60, energy:120/120, Regen:1/4, Armour:2, Vision:12, Move:9, Move Cost:4, location:[E,1]
      Projectile Pattern:Spread, Projectile Damage:50, Projectile Cost:10 (energy)
      Power:Deploy Drones (100 energy): Clear all projectiles.
      score:0
  Enemy:
  Projectile:
  Friendly Projectile Action:
  Enemy Projectile Action:
  Starfighter Action:
  Enemy Action:
  Natural Enemy Spawn:
      1  2  3  4  5  6  7  8  9 10 11 12 13 14 15 16 17 18 19 20 21 22 23
    A _  _  _  _  _  _  _  _  _  _  _  _  _  _  _  _  _  _  _  _  _  _  _
    B _  _  _  _  _  _  _  _  _  _  _  _  _  _  _  _  _  _  _  _  _  _  _
    C _  _  _  _  _  _  _  _  _  _  _  _  _  _  _  _  _  _  _  _  _  _  _
    D _  _  _  _  _  _  _  _  _  _  _  _  _  _  _  _  _  _  _  _  _  _  _
    E S  _  _  _  _  _  _  _  _  _  _  _  _  _  _  _  _  _  _  _  _  _  _
    F _  _  _  _  _  _  _  _  _  _  _  _  _  _  _  _  _  _  _  _  _  _  _
    G _  _  _  _  _  _  _  _  _  _  _  _  _  _  _  _  _  _  _  _  _  _  _
    H _  _  _  _  _  _  _  _  _  _  _  _  _  _  _  _  _  _  _  _  _  _  _
    I _  _  _  _  _  _  _  _  _  _  _  _  _  _  _  _  _  _  _  _  _  _  _
->pass
  state:in game(1.0), debug, ok
  Starfighter:
    [0,S]->health:60/60, energy:120/120, Regen:1/4, Armour:2, Vision:12, Move:9, Move Cost:4, location:[E,1]
      Projectile Pattern:Spread, Projectile Damage:50, Projectile Cost:10 (energy)
      Power:Deploy Drones (100 energy): Clear all projectiles.
      score:0
  Enemy:
    [1,G]->health:100/100, Regen:1, Armour:1, Vision:5, seen_by_Starfighter:F, can_see_Starfighter:F, location:[A,23]
  Projectile:
  Friendly Projectile Action:
  Enemy Projectile Action:
  Starfighter Action:
    The Starfighter(id:0) passes at location [E,1], doubling regen rate.
  Enemy Action:
  Natural Enemy Spawn:
    A Grunt(id:1) spawns at location [A,23].
      1  2  3  4  5  6  7  8  9 10 11 12 13 14 15 16 17 18 19 20 21 22 23
    A _  _  _  _  _  _  _  _  _  _  _  _  _  _  _  _  _  _  _  _  _  _  G
    B _  _  _  _  _  _  _  _  _  _  _  _  _  _  _  _  _  _  _  _  _  _  _
    C _  _  _  _  _  _  _  _  _  _  _  _  _  _  _  _  _  _  _  _  _  _  _
    D _  _  _  _  _  _  _  _  _  _  _  _  _  _  _  _  _  _  _  _  _  _  _
    E S  _  _  _  _  _  _  _  _  _  _  _  _  _  _  _  _  _  _  _  _  _  _
    F _  _  _  _  _  _  _  _  _  _  _  _  _  _  _  _  _  _  _  _  _  _  _
    G _  _  _  _  _  _  _  _  _  _  _  _  _  _  _  _  _  _  _  _  _  _  _
    H _  _  _  _  _  _  _  _  _  _  _  _  _  _  _  _  _  _  _  _  _  _  _
    I _  _  _  _  _  _  _  _  _  _  _  _  _  _  _  _  _  _  _  _  _  _  _
->pass
  state:in game(2.0), debug, ok
  Starfighter:
    [0,S]->health:60/60, energy:120/120, Regen:1/4, Armour:2, Vision:12, Move:9, Move Cost:4, location:[E,1]
      Projectile Pattern:Spread, Projectile Damage:50, Projectile Cost:10 (energy)
      Power:Deploy Drones (100 energy): Clear all projectiles.
      score:0
  Enemy:
    [1,G]->health:110/110, Regen:1, Armour:1, Vision:5, seen_by_Starfighter:F, can_see_Starfighter:F, location:[A,21]
    [2,F]->health:150/150, Regen:5, Armour:10, Vision:10, seen_by_Starfighter:F, can_see_Starfighter:F, location:[E,23]
  Projectile:
    [-1,<]->damage:15, move:4, location:[A,20]
  Friendly Projectile Action:
  Enemy Projectile Action:
  Starfighter Action:
    The Starfighter(id:0) passes at location [E,1], doubling regen rate.
  Enemy Action:
    A Grunt(id:1) gains 10 total health.
    A Grunt(id:1) moves: [A,23] -> [A,21]
      A enemy projectile(id:-1) spawns at location [A,20].
  Natural Enemy Spawn:
    A Fighter(id:2) spawns at location [E,23].
      1  2  3  4  5  6  7  8  9 10 11 12 13 14 15 16 17 18 19 20 21 22 23
    A _  _  _  _  _  _  _  _  _  _  _  _  _  _  _  _  _  _  _  <  G  _  _
    B _  _  _  _  _  _  _  _  _  _  _  _  _  _  _  _  _  _  _  _  _  _  _
    C _  _  _  _  _  _  _  _  _  _  _  _  _  _  _  _  _  _  _  _  _  _  _
    D _  _  _  _  _  _  _  _  _  _  _  _  _  _  _  _  _  _  _  _  _  _  _
    E S  _  _  _  _  _  _  _  _  _  _  _  _  _  _  _  _  _  _  _  _  _  F
    F _  _  _  _  _  _  _  _  _  _  _  _  _  _  _  _  _  _  _  _  _  _  _
    G _  _  _  _  _  _  _  _  _  _  _  _  _  _  _  _  _  _  _  _  _  _  _
    H _  _  _  _  _  _  _  _  _  _  _  _  _  _  _  _  _  _  _  _  _  _  _
    I _  _  _  _  _  _  _  _  _  _  _  _  _  _  _  _  _  _  _  _  _  _  _
->pass
  state:in game(3.0), debug, ok
  Starfighter:
    [0,S]->health:60/60, energy:120/120, Regen:1/4, Armour:2, Vision:12, Move:9, Move Cost:4, location:[E,1]
      Projectile Pattern:Spread, Projectile Damage:50, Projectile Cost:10 (energy)
      Power:Deploy Drones (100 energy): Clear all projectiles.
      score:0
  Enemy:
    [1,G]->health:120/120, Regen:1, Armour:1, Vision:5, seen_by_Starfighter:F, can_see_Starfighter:F, location:[A,19]
    [2,F]->health:150/150, Regen:5, Armour:10, Vision:10, seen_by_Starfighter:F, can_see_Starfighter:F, location:[E,17]
    [3,C]->health:200/200, Regen:10, Armour:15, Vision:15, seen_by_Starfighter:F, can_see_Starfighter:F, location:[H,23]
  Projectile:
    [-1,<]->damage:15, move:4, location:[A,16]
    [-2,<]->damage:100, move:10, location:[E,16]
    [-3,<]->damage:15, move:4, location:[A,18]
  Friendly Projectile Action:
  Enemy Projectile Action:
    A enemy projectile(id:-1) moves: [A,20] -> [A,16]
  Starfighter Action:
    The Starfighter(id:0) passes at location [E,1], doubling regen rate.
  Enemy Action:
    A Grunt(id:1) gains 10 total health.
    A Fighter(id:2) moves: [E,23] -> [E,17]
      A enemy projectile(id:-2) spawns at location [E,16].
    A Grunt(id:1) moves: [A,21] -> [A,19]
      A enemy projectile(id:-3) spawns at location [A,18].
  Natural Enemy Spawn:
    A Carrier(id:3) spawns at location [H,23].
      1  2  3  4  5  6  7  8  9 10 11 12 13 14 15 16 17 18 19 20 21 22 23
    A _  _  _  _  _  _  _  _  _  _  _  _  _  _  _  <  _  <  G  _  _  _  _
    B _  _  _  _  _  _  _  _  _  _  _  _  _  _  _  _  _  _  _  _  _  _  _
    C _  _  _  _  _  _  _  _  _  _  _  _  _  _  _  _  _  _  _  _  _  _  _
    D _  _  _  _  _  _  _  _  _  _  _  _  _  _  _  _  _  _  _  _  _  _  _
    E S  _  _  _  _  _  _  _  _  _  _  _  _  _  _  <  F  _  _  _  _  _  _
    F _  _  _  _  _  _  _  _  _  _  _  _  _  _  _  _  _  _  _  _  _  _  _
    G _  _  _  _  _  _  _  _  _  _  _  _  _  _  _  _  _  _  _  _  _  _  _
    H _  _  _  _  _  _  _  _  _  _  _  _  _  _  _  _  _  _  _  _  _  _  C
    I _  _  _  _  _  _  _  _  _  _  _  _  _  _  _  _  _  _  _  _  _  _  _
->fire
  state:in game(4.0), debug, ok
  Starfighter:
    [0,S]->health:60/60, energy:110/120, Regen:1/4, Armour:2, Vision:12, Move:9, Move Cost:4, location:[E,1]
      Projectile Pattern:Spread, Projectile Damage:50, Projectile Cost:10 (energy)
      Power:Deploy Drones (100 energy): Clear all projectiles.
      score:0
  Enemy:
    [1,G]->health:120/120, Regen:1, Armour:1, Vision:5, seen_by_Starfighter:F, can_see_Starfighter:F, location:[A,17]
    [2,F]->health:150/150, Regen:5, Armour:11, Vision:10, seen_by_Starfighter:F, can_see_Starfighter:F, location:[E,14]
    [3,C]->health:200/200, Regen:10, Armour:15, Vision:15, seen_by_Starfighter:F, can_see_Starfighter:F, location:[H,21]
    [4,G]->health:100/100, Regen:1, Armour:1, Vision:5, seen_by_Starfighter:F, can_see_Starfighter:F, location:[D,23]
  Projectile:
    [-1,<]->damage:15, move:4, location:[A,12]
    [-2,<]->damage:100, move:10, location:[E,6]
    [-3,<]->damage:15, move:4, location:[A,14]
    [-4,*]->damage:50, move:1, location:[D,2]
    [-5,*]->damage:50, move:1, location:[E,2]
    [-6,*]->damage:50, move:1, location:[F,2]
    [-7,<]->damage:15, move:4, location:[A,16]
    [-8,<]->damage:20, move:3, location:[E,13]
  Friendly Projectile Action:
  Enemy Projectile Action:
    A enemy projectile(id:-1) moves: [A,16] -> [A,12]
    A enemy projectile(id:-2) moves: [E,16] -> [E,6]
    A enemy projectile(id:-3) moves: [A,18] -> [A,14]
  Starfighter Action:
    The Starfighter(id:0) fires at location [E,1].
      A friendly projectile(id:-4) spawns at location [D,2].
      A friendly projectile(id:-5) spawns at location [E,2].
      A friendly projectile(id:-6) spawns at location [F,2].
  Enemy Action:
    A Fighter(id:2) gains 1 armour.
    A Grunt(id:1) moves: [A,19] -> [A,17]
      A enemy projectile(id:-7) spawns at location [A,16].
    A Fighter(id:2) moves: [E,17] -> [E,14]
      A enemy projectile(id:-8) spawns at location [E,13].
    A Carrier(id:3) moves: [H,23] -> [H,21]
  Natural Enemy Spawn:
    A Grunt(id:4) spawns at location [D,23].
      1  2  3  4  5  6  7  8  9 10 11 12 13 14 15 16 17 18 19 20 21 22 23
    A _  _  _  _  _  _  _  _  _  _  _  <  _  <  _  <  G  _  _  _  _  _  _
    B _  _  _  _  _  _  _  _  _  _  _  _  _  _  _  _  _  _  _  _  _  _  _
    C _  _  _  _  _  _  _  _  _  _  _  _  _  _  _  _  _  _  _  _  _  _  _
    D _  *  _  _  _  _  _  _  _  _  _  _  _  _  _  _  _  _  _  _  _  _  G
    E S  *  _  _  _  <  _  _  _  _  _  _  <  F  _  _  _  _  _  _  _  _  _
    F _  *  _  _  _  _  _  _  _  _  _  _  _  _  _  _  _  _  _  _  _  _  _
    G _  _  _  _  _  _  _  _  _  _  _  _  _  _  _  _  _  _  _  _  _  _  _
    H _  _  _  _  _  _  _  _  _  _  _  _  _  _  _  _  _  _  _  _  C  _  _
    I _  _  _  _  _  _  _  _  _  _  _  _  _  _  _  _  _  _  _  _  _  _  _
->pass
  state:in game(5.0), debug, ok
  Starfighter:
    [0,S]->health:14/60, energy:118/120, Regen:1/4, Armour:2, Vision:12, Move:9, Move Cost:4, location:[E,1]
      Projectile Pattern:Spread, Projectile Damage:50, Projectile Cost:10 (energy)
      Power:Deploy Drones (100 energy): Clear all projectiles.
      score:0
  Enemy:
    [1,G]->health:130/130, Regen:1, Armour:1, Vision:5, seen_by_Starfighter:F, can_see_Starfighter:F, location:[A,15]
    [2,F]->health:150/150, Regen:5, Armour:11, Vision:10, seen_by_Starfighter:T, can_see_Starfighter:T, location:[E,8]
    [3,C]->health:200/200, Regen:10, Armour:15, Vision:15, seen_by_Starfighter:F, can_see_Starfighter:F, location:[H,19]
    [4,G]->health:110/110, Regen:1, Armour:1, Vision:5, seen_by_Starfighter:F, can_see_Starfighter:F, location:[D,21]
    [5,I]->health:50/50, Regen:0, Armour:0, Vision:5, seen_by_Starfighter:F, can_see_Starfighter:F, location:[G,19]
    [6,I]->health:50/50, Regen:0, Armour:0, Vision:5, seen_by_Starfighter:F, can_see_Starfighter:F, location:[I,19]
    [7,P]->health:300/300, Regen:0, Armour:0, Vision:5, seen_by_Starfighter:F, can_see_Starfighter:F, location:[B,23]
  Projectile:
    [-1,<]->damage:15, move:4, location:[A,8]
    [-3,<]->damage:15, move:4, location:[A,10]
    [-4,*]->damage:50, move:1, location:[C,3]
    [-6,*]->damage:50, move:1, location:[G,3]
    [-7,<]->damage:15, move:4, location:[A,12]
    [-9,<]->damage:100, move:10, location:[E,7]
    [-10,<]->damage:15, move:4, location:[A,14]
    [-11,<]->damage:15, move:4, location:[D,20]
  Friendly Projectile Action:
    A friendly projectile(id:-4) moves: [D,2] -> [C,3]
    A friendly projectile(id:-5) moves: [E,2] -> [E,3]
    A friendly projectile(id:-6) moves: [F,2] -> [G,3]
  Enemy Projectile Action:
    A enemy projectile(id:-1) moves: [A,12] -> [A,8]
    A enemy projectile(id:-2) moves: [E,6] -> [E,1]
      The projectile collides with friendly projectile(id:-5) at location [E,3], negating damage.
      The projectile collides with Starfighter(id:0) at location [E,1], dealing 48 damage.
    A enemy projectile(id:-3) moves: [A,14] -> [A,10]
    A enemy projectile(id:-7) moves: [A,16] -> [A,12]
    A enemy projectile(id:-8) moves: [E,13] -> [E,10]
  Starfighter Action:
    The Starfighter(id:0) passes at location [E,1], doubling regen rate.
  Enemy Action:
    A Grunt(id:1) gains 10 total health.
    A Fighter(id:2) moves: [E,14] -> [E,8]
      The Fighter collides with enemy projectile(id:-8) at location [E,10], healing 20 damage.
      A enemy projectile(id:-9) spawns at location [E,7].
    A Carrier(id:3) moves: [H,21] -> [H,19]
      A Interceptor(id:5) spawns at location [G,19].
      A Interceptor(id:6) spawns at location [I,19].
    A Grunt(id:4) gains 10 total health.
    A Grunt(id:1) moves: [A,17] -> [A,15]
      A enemy projectile(id:-10) spawns at location [A,14].
    A Grunt(id:4) moves: [D,23] -> [D,21]
      A enemy projectile(id:-11) spawns at location [D,20].
  Natural Enemy Spawn:
    A Pylon(id:7) spawns at location [B,23].
      1  2  3  4  5  6  7  8  9 10 11 12 13 14 15 16 17 18 19 20 21 22 23
    A _  _  _  _  _  _  _  <  _  <  _  <  _  <  G  _  _  _  _  _  _  _  _
    B _  _  _  _  _  _  _  _  _  _  _  _  _  _  _  _  _  _  _  _  _  _  P
    C _  _  *  _  _  _  _  _  _  _  _  _  _  _  _  _  _  _  _  _  _  _  _
    D _  _  _  _  _  _  _  _  _  _  _  _  _  _  _  _  _  _  _  <  G  _  _
    E S  _  _  _  _  _  <  F  _  _  _  _  _  _  _  _  _  _  _  _  _  _  _
    F _  _  _  _  _  _  _  _  _  _  _  _  _  _  _  _  _  _  _  _  _  _  _
    G _  _  *  _  _  _  _  _  _  _  _  _  _  _  _  _  _  _  I  _  _  _  _
    H _  _  _  _  _  _  _  _  _  _  _  _  _  _  _  _  _  _  C  _  _  _  _
    I _  _  _  _  _  _  _  _  _  _  _  _  _  _  _  _  _  _  I  _  _  _  _
->pass
  state:not started, debug, ok
  Starfighter:
    [0,S]->health:0/60, energy:118/120, Regen:1/4, Armour:2, Vision:12, Move:9, Move Cost:4, location:[E,1]
      Projectile Pattern:Spread, Projectile Damage:50, Projectile Cost:10 (energy)
      Power:Deploy Drones (100 energy): Clear all projectiles.
      score:0
  Enemy:
    [1,G]->health:130/130, Regen:1, Armour:1, Vision:5, seen_by_Starfighter:F, can_see_Starfighter:F, location:[A,15]
    [2,F]->health:150/150, Regen:5, Armour:11, Vision:10, seen_by_Starfighter:T, can_see_Starfighter:T, location:[E,8]
    [3,C]->health:200/200, Regen:10, Armour:15, Vision:15, seen_by_Starfighter:F, can_see_Starfighter:F, location:[H,19]
    [4,G]->health:110/110, Regen:1, Armour:1, Vision:5, seen_by_Starfighter:F, can_see_Starfighter:F, location:[D,21]
    [5,I]->health:50/50, Regen:0, Armour:0, Vision:5, seen_by_Starfighter:F, can_see_Starfighter:F, location:[G,19]
    [6,I]->health:50/50, Regen:0, Armour:0, Vision:5, seen_by_Starfighter:F, can_see_Starfighter:F, location:[I,19]
    [7,P]->health:300/300, Regen:0, Armour:0, Vision:5, seen_by_Starfighter:F, can_see_Starfighter:F, location:[B,23]
  Projectile:
    [-1,<]->damage:15, move:4, location:[A,4]
    [-3,<]->damage:15, move:4, location:[A,6]
    [-4,*]->damage:50, move:1, location:[B,4]
    [-6,*]->damage:50, move:1, location:[H,4]
    [-7,<]->damage:15, move:4, location:[A,8]
    [-10,<]->damage:15, move:4, location:[A,14]
    [-11,<]->damage:15, move:4, location:[D,20]
  Friendly Projectile Action:
    A friendly projectile(id:-4) moves: [C,3] -> [B,4]
    A friendly projectile(id:-6) moves: [G,3] -> [H,4]
  Enemy Projectile Action:
    A enemy projectile(id:-1) moves: [A,8] -> [A,4]
    A enemy projectile(id:-3) moves: [A,10] -> [A,6]
    A enemy projectile(id:-7) moves: [A,12] -> [A,8]
    A enemy projectile(id:-9) moves: [E,7] -> [E,1]
      The projectile collides with Starfighter(id:0) at location [E,1], dealing 98 damage.
      The Starfighter at location [E,1] has been destroyed.
  Starfighter Action:
  Enemy Action:
  Natural Enemy Spawn:
      1  2  3  4  5  6  7  8  9 10 11 12 13 14 15 16 17 18 19 20 21 22 23
    A _  _  _  <  _  <  _  <  _  _  _  _  _  <  G  _  _  _  _  _  _  _  _
    B _  _  _  *  _  _  _  _  _  _  _  _  _  _  _  _  _  _  _  _  _  _  P
    C _  _  _  _  _  _  _  _  _  _  _  _  _  _  _  _  _  _  _  _  _  _  _
    D _  _  _  _  _  _  _  _  _  _  _  _  _  _  _  _  _  _  _  <  G  _  _
    E X  _  _  _  _  _  _  F  _  _  _  _  _  _  _  _  _  _  _  _  _  _  _
    F _  _  _  _  _  _  _  _  _  _  _  _  _  _  _  _  _  _  _  _  _  _  _
    G _  _  _  _  _  _  _  _  _  _  _  _  _  _  _  _  _  _  I  _  _  _  _
    H _  _  _  *  _  _  _  _  _  _  _  _  _  _  _  _  _  _  C  _  _  _  _
    I _  _  _  _  _  _  _  _  _  _  _  _  _  _  _  _  _  _  I  _  _  _  _
  The game is over. Better luck next time!
->pass
  state:not started, debug, error
  Command can only be used in game.
->pass
  state:not started, debug, error
  Command can only be used in game.
->pass
  state:not started, debug, error
  Command can only be used in game.
->pass
  state:not started, debug, error
  Command can only be used in game.
->pass
  state:not started, debug, error
  Command can only be used in game.
->pass
  state:not started, debug, error
  Command can only be used in game.
->pass
  state:not started, debug, error
  Command can only be used in game.
->pass
  state:not started, debug, error
  Command can only be used in game.
->pass
  state:not started, debug, error
  Command can only be used in game.
->pass
  state:not started, debug, error
  Command can only be used in game.
->pass
  state:not started, debug, error
  Command can only be used in game.
->pass
  state:not started, debug, error
  Command can only be used in game.
->pass
  state:not started, debug, error
  Command can only be used in game.
->pass
  state:not started, debug, error
  Command can only be used in game.
->pass
  state:not started, debug, error
  Command can only be used in game.
->pass
  state:not started, debug, error
  Command can only be used in game.
->pass
  state:not started, debug, error
  Command can only be used in game.
->pass
  state:not started, debug, error
  Command can only be used in game.
->fire
  state:not started, debug, error
  Command can only be used in game.
->pass
  state:not started, debug, error
  Command can only be used in game.
->fire
  state:not started, debug, error
  Command can only be used in game.
->pass
  state:not started, debug, error
  Command can only be used in game.
->move(J,7)
  state:not started, debug, error
  Command can only be used in game.
->pass
  state:not started, debug, error
  Command can only be used in game.
->pass
  state:not started, debug, error
  Command can only be used in game.
->pass
  state:not started, debug, error
  Command can only be used in game.
->pass
  state:not started, debug, error
  Command can only be used in game.
->pass
  state:not started, debug, error
  Command can only be used in game.
->pass
  state:not started, debug, error
  Command can only be used in game.
->pass
  state:not started, debug, error
  Command can only be used in game.
->pass
  state:not started, debug, error
  Command can only be used in game.
->move(G,13)
  state:not started, debug, error
  Command can only be used in game.
->move(D,19)
  state:not started, debug, error
  Command can only be used in game.
->pass
  state:not started, debug, error
  Command can only be used in game.
->pass
  state:not started, debug, error
  Command can only be used in game.
->pass
  state:not started, debug, error
  Command can only be used in game.
->pass
  state:not started, debug, error
  Command can only be used in game.
->pass
  state:not started, debug, error
  Command can only be used in game.
->pass
  state:not started, debug, error
  Command can only be used in game.
->pass
  state:not started, debug, error
  Command can only be used in game.
->pass
  state:not started, debug, error
  Command can only be used in game.
->pass
  state:not started, debug, error
  Command can only be used in game.
->pass
  state:not started, debug, error
  Command can only be used in game.
->pass
  state:not started, debug, error
  Command can only be used in game.
->pass
  state:not started, debug, error
  Command can only be used in game.
->pass
  state:not started, debug, error
  Command can only be used in game.
->pass
  state:not started, debug, error
  Command can only be used in game.
->pass
  state:not started, debug, error
  Command can only be used in game.
->pass
  state:not started, debug, error
  Command can only be used in game.
->pass
  state:not started, debug, error
  Command can only be used in game.
->pass
  state:not started, debug, error
  Command can only be used in game.
->special
  state:not started, debug, error
  Command can only be used in game.
->pass
  state:not started, debug, error
  Command can only be used in game.
->pass
  state:not started, debug, error
  Command can only be used in game.
->pass
  state:not started, debug, error
  Command can only be used in game.
->pass
  state:not started, debug, error
  Command can only be used in game.
->pass
  state:not started, debug, error
  Command can only be used in game.
->fire
  state:not started, debug, error
  Command can only be used in game.
->pass
  state:not started, debug, error
  Command can only be used in game.
->pass
  state:not started, debug, error
  Command can only be used in game.
->pass
  state:not started, debug, error
  Command can only be used in game.
->pass
  state:not started, debug, error
  Command can only be used in game.
->fire
  state:not started, debug, error
  Command can only be used in game.
->pass
  state:not started, debug, error
  Command can only be used in game.
->pass
  state:not started, debug, error
  Command can only be used in game.
->special
  state:not started, debug, error
  Command can only be used in game.
->pass
  state:not started, debug, error
  Command can only be used in game.
->pass
  state:not started, debug, error
  Command can only be used in game.
->pass
  state:not started, debug, error
  Command can only be used in game.
->pass
  state:not started, debug, error
  Command can only be used in game.
->pass
  state:not started, debug, error
  Command can only be used in game.
->pass
  state:not started, debug, error
  Command can only be used in game.
->fire
  state:not started, debug, error
  Command can only be used in game.
->pass
  state:not started, debug, error
  Command can only be used in game.
->fire
  state:not started, debug, error
  Command can only be used in game.
->pass
  state:not started, debug, error
  Command can only be used in game.
->pass
  state:not started, debug, error
  Command can only be used in game.
->special
  state:not started, debug, error
  Command can only be used in game.
->move(C,8)
  state:not started, debug, error
  Command can only be used in game.
->pass
  state:not started, debug, error
  Command can only be used in game.
->pass
  state:not started, debug, error
  Command can only be used in game.
->pass
  state:not started, debug, error
  Command can only be used in game.
->pass
  state:not started, debug, error
  Command can only be used in game.
->fire
  state:not started, debug, error
  Command can only be used in game.
->pass
  state:not started, debug, error
  Command can only be used in game.
->pass
  state:not started, debug, error
  Command can only be used in game.
->pass
  state:not started, debug, error
  Command can only be used in game.
->pass
  state:not started, debug, error
  Command can only be used in game.
->pass
  state:not started, debug, error
  Command can only be used in game.
->special
  state:not started, debug, error
  Command can only be used in game.
->pass
  state:not started, debug, error
  Command can only be used in game.
->special
  state:not started, debug, error
  Command can only be used in game.
->pass
  state:not started, debug, error
  Command can only be used in game.
->pass
  state:not started, debug, error
  Command can only be used in game.
